Component: ARM Compiler 5.06 update 7 (build 960) Tool: armlink [4d3601]

==============================================================================

Section Cross References

    startup_stm32h723xx.o(RESET) refers to startup_stm32h723xx.o(STACK) for __initial_sp
    startup_stm32h723xx.o(RESET) refers to startup_stm32h723xx.o(.text) for Reset_Handler
    startup_stm32h723xx.o(RESET) refers to stm32h7xx_it.o(i.NMI_Handler) for NMI_Handler
    startup_stm32h723xx.o(RESET) refers to stm32h7xx_it.o(i.HardFault_Handler) for HardFault_Handler
    startup_stm32h723xx.o(RESET) refers to stm32h7xx_it.o(i.MemManage_Handler) for MemManage_Handler
    startup_stm32h723xx.o(RESET) refers to stm32h7xx_it.o(i.BusFault_Handler) for BusFault_Handler
    startup_stm32h723xx.o(RESET) refers to stm32h7xx_it.o(i.UsageFault_Handler) for UsageFault_Handler
    startup_stm32h723xx.o(RESET) refers to port.o(.emb_text) for SVC_Handler
    startup_stm32h723xx.o(RESET) refers to stm32h7xx_it.o(i.DebugMon_Handler) for DebugMon_Handler
    startup_stm32h723xx.o(RESET) refers to cmsis_os2.o(i.SysTick_Handler) for SysTick_Handler
    startup_stm32h723xx.o(RESET) refers to stm32h7xx_it.o(i.FDCAN1_IT0_IRQHandler) for FDCAN1_IT0_IRQHandler
    startup_stm32h723xx.o(RESET) refers to stm32h7xx_it.o(i.FDCAN2_IT0_IRQHandler) for FDCAN2_IT0_IRQHandler
    startup_stm32h723xx.o(RESET) refers to stm32h7xx_it.o(i.TIM2_IRQHandler) for TIM2_IRQHandler
    startup_stm32h723xx.o(.text) refers to system_stm32h7xx.o(i.ExitRun0Mode) for ExitRun0Mode
    startup_stm32h723xx.o(.text) refers to system_stm32h7xx.o(i.SystemInit) for SystemInit
    startup_stm32h723xx.o(.text) refers to entry.o(.ARM.Collect$$$$00000000) for __main
    main.o(i.HAL_TIM_PeriodElapsedCallback) refers to stm32h7xx_hal.o(i.HAL_IncTick) for HAL_IncTick
    main.o(i.PeriphCommonClock_Config) refers to memseta.o(.text) for __aeabi_memclr4
    main.o(i.PeriphCommonClock_Config) refers to stm32h7xx_hal_rcc_ex.o(i.HAL_RCCEx_PeriphCLKConfig) for HAL_RCCEx_PeriphCLKConfig
    main.o(i.SystemClock_Config) refers to memseta.o(.text) for __aeabi_memclr4
    main.o(i.SystemClock_Config) refers to stm32h7xx_hal_pwr_ex.o(i.HAL_PWREx_ConfigSupply) for HAL_PWREx_ConfigSupply
    main.o(i.SystemClock_Config) refers to stm32h7xx_hal_rcc.o(i.HAL_RCC_OscConfig) for HAL_RCC_OscConfig
    main.o(i.SystemClock_Config) refers to stm32h7xx_hal_rcc.o(i.HAL_RCC_ClockConfig) for HAL_RCC_ClockConfig
    main.o(i.main) refers to stm32h7xx_hal_cortex.o(i.HAL_MPU_Disable) for HAL_MPU_Disable
    main.o(i.main) refers to stm32h7xx_hal_cortex.o(i.HAL_MPU_ConfigRegion) for HAL_MPU_ConfigRegion
    main.o(i.main) refers to stm32h7xx_hal_cortex.o(i.HAL_MPU_Enable) for HAL_MPU_Enable
    main.o(i.main) refers to stm32h7xx_hal.o(i.HAL_Init) for HAL_Init
    main.o(i.main) refers to main.o(i.SystemClock_Config) for SystemClock_Config
    main.o(i.main) refers to main.o(i.PeriphCommonClock_Config) for PeriphCommonClock_Config
    main.o(i.main) refers to gpio.o(i.MX_GPIO_Init) for MX_GPIO_Init
    main.o(i.main) refers to spi.o(i.MX_SPI2_Init) for MX_SPI2_Init
    main.o(i.main) refers to fdcan.o(i.MX_FDCAN1_Init) for MX_FDCAN1_Init
    main.o(i.main) refers to fdcan.o(i.MX_FDCAN2_Init) for MX_FDCAN2_Init
    main.o(i.main) refers to tim.o(i.MX_TIM3_Init) for MX_TIM3_Init
    main.o(i.main) refers to tim.o(i.MX_TIM12_Init) for MX_TIM12_Init
    main.o(i.main) refers to bsp_dwt.o(i.DWT_Init) for DWT_Init
    main.o(i.main) refers to stm32h7xx_hal_gpio.o(i.HAL_GPIO_WritePin) for HAL_GPIO_WritePin
    main.o(i.main) refers to bmi088driver.o(i.BMI088_init) for BMI088_init
    main.o(i.main) refers to can_bsp.o(i.FDCAN1_Config) for FDCAN1_Config
    main.o(i.main) refers to can_bsp.o(i.FDCAN2_Config) for FDCAN2_Config
    main.o(i.main) refers to buzzer.o(i.Init_buzzer) for Init_buzzer
    main.o(i.main) refers to cmsis_os2.o(i.osKernelInitialize) for osKernelInitialize
    main.o(i.main) refers to freertos.o(i.MX_FREERTOS_Init) for MX_FREERTOS_Init
    main.o(i.main) refers to cmsis_os2.o(i.osKernelStart) for osKernelStart
    main.o(i.main) refers to spi.o(.bss) for hspi2
    main.o(i.main) refers to main.o(.data) for .data
    gpio.o(i.MX_GPIO_Init) refers to memseta.o(.text) for __aeabi_memclr4
    gpio.o(i.MX_GPIO_Init) refers to stm32h7xx_hal_gpio.o(i.HAL_GPIO_WritePin) for HAL_GPIO_WritePin
    gpio.o(i.MX_GPIO_Init) refers to stm32h7xx_hal_gpio.o(i.HAL_GPIO_Init) for HAL_GPIO_Init
    gpio.o(i.MX_GPIO_Init) refers to stm32h7xx_hal.o(i.HAL_SYSCFG_AnalogSwitchConfig) for HAL_SYSCFG_AnalogSwitchConfig
    freertos.o(i.FREERTOS_ALLTASK_Init) refers to memcpya.o(.text) for __aeabi_memcpy4
    freertos.o(i.FREERTOS_ALLTASK_Init) refers to cmsis_os2.o(i.osThreadNew) for osThreadNew
    freertos.o(i.FREERTOS_ALLTASK_Init) refers to freertos.o(.constdata) for .constdata
    freertos.o(i.FREERTOS_ALLTASK_Init) refers to freertos.o(i.INS_Task) for INS_Task
[...]
    HAL_FDCAN_ClockCalibrationCallback       0x08001983   Thumb Code     2  stm32h7xx_hal_fdcan.o(i.HAL_FDCAN_ClockCalibrationCallback)
    HAL_FDCAN_ConfigFilter                   0x08001985   Thumb Code   126  stm32h7xx_hal_fdcan.o(i.HAL_FDCAN_ConfigFilter)
    HAL_FDCAN_ConfigGlobalFilter             0x08001a03   Thumb Code    50  stm32h7xx_hal_fdcan.o(i.HAL_FDCAN_ConfigGlobalFilter)
    HAL_FDCAN_ErrorCallback                  0x08001a35   Thumb Code     2  stm32h7xx_hal_fdcan.o(i.HAL_FDCAN_ErrorCallback)
    HAL_FDCAN_ErrorStatusCallback            0x08001a37   Thumb Code     2  stm32h7xx_hal_fdcan.o(i.HAL_FDCAN_ErrorStatusCallback)
    HAL_FDCAN_GetRxMessage                   0x08001a39   Thumb Code   412  stm32h7xx_hal_fdcan.o(i.HAL_FDCAN_GetRxMessage)
    HAL_FDCAN_HighPriorityMessageCallback    0x08001bd9   Thumb Code     2  stm32h7xx_hal_fdcan.o(i.HAL_FDCAN_HighPriorityMessageCallback)
    HAL_FDCAN_IRQHandler                     0x08001bdd   Thumb Code   788  stm32h7xx_hal_fdcan.o(i.HAL_FDCAN_IRQHandler)
    HAL_FDCAN_Init                           0x08001efd   Thumb Code   572  stm32h7xx_hal_fdcan.o(i.HAL_FDCAN_Init)
    HAL_FDCAN_MspInit                        0x08002141   Thumb Code   202  fdcan.o(i.HAL_FDCAN_MspInit)
    HAL_FDCAN_RxBufferNewMessageCallback     0x08002225   Thumb Code     2  stm32h7xx_hal_fdcan.o(i.HAL_FDCAN_RxBufferNewMessageCallback)
    HAL_FDCAN_RxFifo0Callback                0x08002229   Thumb Code    96  can_bsp.o(i.HAL_FDCAN_RxFifo0Callback)
    HAL_FDCAN_RxFifo1Callback                0x08002295   Thumb Code    96  can_bsp.o(i.HAL_FDCAN_RxFifo1Callback)
    HAL_FDCAN_Start                          0x08002301   Thumb Code    50  stm32h7xx_hal_fdcan.o(i.HAL_FDCAN_Start)
    HAL_FDCAN_TT_GlobalTimeCallback          0x08002333   Thumb Code     2  stm32h7xx_hal_fdcan.o(i.HAL_FDCAN_TT_GlobalTimeCallback)
    HAL_FDCAN_TT_ScheduleSyncCallback        0x08002335   Thumb Code     2  stm32h7xx_hal_fdcan.o(i.HAL_FDCAN_TT_ScheduleSyncCallback)
    HAL_FDCAN_TT_StopWatchCallback           0x08002337   Thumb Code     2  stm32h7xx_hal_fdcan.o(i.HAL_FDCAN_TT_StopWatchCallback)
    HAL_FDCAN_TT_TimeMarkCallback            0x08002339   Thumb Code     2  stm32h7xx_hal_fdcan.o(i.HAL_FDCAN_TT_TimeMarkCallback)
    HAL_FDCAN_TimeoutOccurredCallback        0x0800233b   Thumb Code     2  stm32h7xx_hal_fdcan.o(i.HAL_FDCAN_TimeoutOccurredCallback)
    HAL_FDCAN_TimestampWraparoundCallback    0x0800233d   Thumb Code     2  stm32h7xx_hal_fdcan.o(i.HAL_FDCAN_TimestampWraparoundCallback)
    HAL_FDCAN_TxBufferAbortCallback          0x0800233f   Thumb Code     2  stm32h7xx_hal_fdcan.o(i.HAL_FDCAN_TxBufferAbortCallback)
    HAL_FDCAN_TxBufferCompleteCallback       0x08002341   Thumb Code     2  stm32h7xx_hal_fdcan.o(i.HAL_FDCAN_TxBufferCompleteCallback)
    HAL_FDCAN_TxEventFifoCallback            0x08002343   Thumb Code     2  stm32h7xx_hal_fdcan.o(i.HAL_FDCAN_TxEventFifoCallback)
    HAL_FDCAN_TxFifoEmptyCallback            0x08002345   Thumb Code     2  stm32h7xx_hal_fdcan.o(i.HAL_FDCAN_TxFifoEmptyCallback)
    HAL_GPIO_Init                            0x08002349   Thumb Code   502  stm32h7xx_hal_gpio.o(i.HAL_GPIO_Init)
    HAL_GPIO_ReadPin                         0x0800256d   Thumb Code    10  stm32h7xx_hal_gpio.o(i.HAL_GPIO_ReadPin)
    HAL_GPIO_WritePin                        0x08002577   Thumb Code    10  stm32h7xx_hal_gpio.o(i.HAL_GPIO_WritePin)
    HAL_GetTick                              0x08002581   Thumb Code     6  stm32h7xx_hal.o(i.HAL_GetTick)
    HAL_IncTick                              0x0800258d   Thumb Code    12  stm32h7xx_hal.o(i.HAL_IncTick)
    HAL_Init                                 0x0800259d   Thumb Code    74  stm32h7xx_hal.o(i.HAL_Init)
    HAL_InitTick                             0x080025f9   Thumb Code   122  stm32h7xx_hal_timebase_tim.o(i.HAL_InitTick)
    HAL_MPU_ConfigRegion                     0x08002685   Thumb Code    86  stm32h7xx_hal_cortex.o(i.HAL_MPU_ConfigRegion)
    HAL_MPU_Disable                          0x080026e1   Thumb Code    24  stm32h7xx_hal_cortex.o(i.HAL_MPU_Disable)
    HAL_MPU_Enable                           0x080026fd   Thumb Code    30  stm32h7xx_hal_cortex.o(i.HAL_MPU_Enable)
    HAL_MspInit                              0x08002721   Thumb Code    32  stm32h7xx_hal_msp.o(i.HAL_MspInit)
    HAL_NVIC_EnableIRQ                       0x08002745   Thumb Code    26  stm32h7xx_hal_cortex.o(i.HAL_NVIC_EnableIRQ)
    HAL_NVIC_SetPriority                     0x08002761   Thumb Code    60  stm32h7xx_hal_cortex.o(i.HAL_NVIC_SetPriority)
    HAL_NVIC_SetPriorityGrouping             0x080027a1   Thumb Code    28  stm32h7xx_hal_cortex.o(i.HAL_NVIC_SetPriorityGrouping)
    HAL_PWREx_ConfigSupply                   0x080027c5   Thumb Code    78  stm32h7xx_hal_pwr_ex.o(i.HAL_PWREx_ConfigSupply)
    HAL_RCCEx_PeriphCLKConfig                0x08002819   Thumb Code  2362  stm32h7xx_hal_rcc_ex.o(i.HAL_RCCEx_PeriphCLKConfig)
    HAL_RCC_ClockConfig                      0x08003155   Thumb Code   580  stm32h7xx_hal_rcc.o(i.HAL_RCC_ClockConfig)
    HAL_RCC_GetClockConfig                   0x080033b1   Thumb Code    84  stm32h7xx_hal_rcc.o(i.HAL_RCC_GetClockConfig)
    HAL_RCC_GetHCLKFreq                      0x0800340d   Thumb Code    52  stm32h7xx_hal_rcc.o(i.HAL_RCC_GetHCLKFreq)
    HAL_RCC_GetPCLK1Freq                     0x08003451   Thumb Code    26  stm32h7xx_hal_rcc.o(i.HAL_RCC_GetPCLK1Freq)
    HAL_RCC_GetSysClockFreq                  0x08003475   Thumb Code   278  stm32h7xx_hal_rcc.o(i.HAL_RCC_GetSysClockFreq)
    HAL_RCC_OscConfig                        0x080035ad   Thumb Code  1318  stm32h7xx_hal_rcc.o(i.HAL_RCC_OscConfig)
    HAL_SPI_Init                             0x08003ad5   Thumb Code   366  stm32h7xx_hal_spi.o(i.HAL_SPI_Init)
    HAL_SPI_MspInit                          0x08003c51   Thumb Code   158  spi.o(i.HAL_SPI_MspInit)
    HAL_SPI_TransmitReceive                  0x08003d01   Thumb Code   828  stm32h7xx_hal_spi.o(i.HAL_SPI_TransmitReceive)
    HAL_SYSCFG_AnalogSwitchConfig            0x08004049   Thumb Code    12  stm32h7xx_hal.o(i.HAL_SYSCFG_AnalogSwitchConfig)
    HAL_TIMEx_Break2Callback                 0x08004059   Thumb Code     2  stm32h7xx_hal_tim_ex.o(i.HAL_TIMEx_Break2Callback)
    HAL_TIMEx_BreakCallback                  0x0800405b   Thumb Code     2  stm32h7xx_hal_tim_ex.o(i.HAL_TIMEx_BreakCallback)
    HAL_TIMEx_CommutCallback                 0x0800405d   Thumb Code     2  stm32h7xx_hal_tim_ex.o(i.HAL_TIMEx_CommutCallback)
    HAL_TIMEx_MasterConfigSynchronization    0x08004061   Thumb Code   146  stm32h7xx_hal_tim_ex.o(i.HAL_TIMEx_MasterConfigSynchronization)
    HAL_TIM_Base_Init                        0x08004119   Thumb Code    98  stm32h7xx_hal_tim.o(i.HAL_TIM_Base_Init)
    HAL_TIM_Base_MspInit                     0x0800417b   Thumb Code     2  stm32h7xx_hal_tim.o(i.HAL_TIM_Base_MspInit)
    HAL_TIM_Base_Start_IT                    0x0800417d   Thumb Code   118  stm32h7xx_hal_tim.o(i.HAL_TIM_Base_Start_IT)
    HAL_TIM_IC_CaptureCallback               0x0800421d   Thumb Code     2  stm32h7xx_hal_tim.o(i.HAL_TIM_IC_CaptureCallback)
    HAL_TIM_IRQHandler                       0x0800421f   Thumb Code   328  stm32h7xx_hal_tim.o(i.HAL_TIM_IRQHandler)
    HAL_TIM_MspPostInit                      0x08004369   Thumb Code    94  tim.o(i.HAL_TIM_MspPostInit)
    HAL_TIM_OC_DelayElapsedCallback          0x080043d9   Thumb Code     2  stm32h7xx_hal_tim.o(i.HAL_TIM_OC_DelayElapsedCallback)
    HAL_TIM_PWM_ConfigChannel                0x080043db   Thumb Code   292  stm32h7xx_hal_tim.o(i.HAL_TIM_PWM_ConfigChannel)
    HAL_TIM_PWM_Init                         0x080044ff   Thumb Code    98  stm32h7xx_hal_tim.o(i.HAL_TIM_PWM_Init)
    HAL_TIM_PWM_MspInit                      0x08004561   Thumb Code    52  tim.o(i.HAL_TIM_PWM_MspInit)
    HAL_TIM_PWM_PulseFinishedCallback        0x080045a1   Thumb Code     2  stm32h7xx_hal_tim.o(i.HAL_TIM_PWM_PulseFinishedCallback)
    HAL_TIM_PWM_Start                        0x080045a5   Thumb Code   244  stm32h7xx_hal_tim.o(i.HAL_TIM_PWM_Start)
    HAL_TIM_PeriodElapsedCallback            0x080046c9   Thumb Code    14  main.o(i.HAL_TIM_PeriodElapsedCallback)
    HAL_TIM_TriggerCallback                  0x080046d7   Thumb Code     2  stm32h7xx_hal_tim.o(i.HAL_TIM_TriggerCallback)
    HardFault_Handler                        0x080047e9   Thumb Code     2  stm32h7xx_it.o(i.HardFault_Handler)
    IMU_TempCtrlTask                         0x080047eb   Thumb Code     4  freertos.o(i.IMU_TempCtrlTask)
    IMU_TempCtrltask                         0x080047f1   Thumb Code   188  imu_temp_ctrl.o(i.IMU_TempCtrltask)
    INS_GetData                              0x080048d1   Thumb Code     4  ins_task.o(i.INS_GetData)
    INS_Init                                 0x080048d9   Thumb Code    34  ins_task.o(i.INS_Init)
    INS_Task                                 0x0800490d   Thumb Code     4  freertos.o(i.INS_Task)
    INS_task                                 0x08004911   Thumb Code   422  ins_task.o(i.INS_task)
    Init_buzzer                              0x08004b01   Thumb Code    16  buzzer.o(i.Init_buzzer)
    Kalman_Filter_Init                       0x08004b15   Thumb Code   990  kalman_filter.o(i.Kalman_Filter_Init)
    Kalman_Filter_Measure                    0x08004ef9   Thumb Code    66  kalman_filter.o(i.Kalman_Filter_Measure)
    Kalman_Filter_P_Update                   0x08004f41   Thumb Code   106  kalman_filter.o(i.Kalman_Filter_P_Update)
    Kalman_Filter_PminusUpdate               0x08004fab   Thumb Code   108  kalman_filter.o(i.Kalman_Filter_PminusUpdate)
    Kalman_Filter_SetK                       0x08005017   Thumb Code   202  kalman_filter.o(i.Kalman_Filter_SetK)
    Kalman_Filter_Update                     0x080050e1   Thumb Code   228  kalman_filter.o(i.Kalman_Filter_Update)
    Kalman_Filter_xhatMinusUpdate            0x080051c9   Thumb Code   116  kalman_filter.o(i.Kalman_Filter_xhatMinusUpdate)
    Kalman_Filter_xhatUpdate                 0x0800523d   Thumb Code   132  kalman_filter.o(i.Kalman_Filter_xhatUpdate)
    LQR_Cubic_Spline_calc                    0x080052c1   Thumb Code    46  chassisl_task.o(i.LQR_Cubic_Spline_calc)
    LQR_Get_K_Given_Length_L                 0x080052f1   Thumb Code    40  chassisl_task.o(i.LQR_Get_K_Given_Length_L)
    LQR_Get_K_Given_Length_R                 0x08005321   Thumb Code    48  chassisr_task.o(i.LQR_Get_K_Given_Length_R)
    L_CHASSIS_Task                           0x08005359   Thumb Code     4  freertos.o(i.L_CHASSIS_Task)
    MX_FDCAN1_Init                           0x0800535d   Thumb Code    96  fdcan.o(i.MX_FDCAN1_Init)
    MX_FDCAN2_Init                           0x080053c5   Thumb Code   102  fdcan.o(i.MX_FDCAN2_Init)
    MX_FREERTOS_Init                         0x08005435   Thumb Code    24  freertos.o(i.MX_FREERTOS_Init)
    MX_GPIO_Init                             0x08005459   Thumb Code   280  gpio.o(i.MX_GPIO_Init)
    MX_SPI2_Init                             0x08005581   Thumb Code    96  spi.o(i.MX_SPI2_Init)
    MX_TIM12_Init                            0x080055e9   Thumb Code   110  tim.o(i.MX_TIM12_Init)
    MX_TIM3_Init                             0x08005661   Thumb Code   108  tim.o(i.MX_TIM3_Init)
    MemManage_Handler                        0x080056d5   Thumb Code     2  stm32h7xx_it.o(i.MemManage_Handler)
    NMI_Handler                              0x080056d7   Thumb Code     2  stm32h7xx_it.o(i.NMI_Handler)
    OBSERVER_Task                            0x080056d9   Thumb Code     4  freertos.o(i.OBSERVER_Task)
    Observe_task                             0x080056dd   Thumb Code   286  observe_task.o(i.Observe_task)
    PID_init                                 0x08005819   Thumb Code    88  pid.o(i.PID_init)
    PS2_Init                                 0x08005a11   Thumb Code    92  ps2_drv.o(i.PS2_Init)
    PS2_Task                                 0x08005b01   Thumb Code     4  freertos.o(i.PS2_Task)
    PS2_Update                               0x08005b95   Thumb Code   264  ps2_drv.o(i.PS2_Update)
    PS2_data_process                         0x08005cb1   Thumb Code   570  ps2_drv.o(i.PS2_data_process)
    PS2_task                                 0x08005f29   Thumb Code    60  ps2_drv.o(i.PS2_task)
    Pensation_init                           0x08005f75   Thumb Code    56  chassisl_task.o(i.Pensation_init)
    PeriphCommonClock_Config                 0x08005fb5   Thumb Code    68  main.o(i.PeriphCommonClock_Config)
    R_CHASSIS_Task                           0x08006239   Thumb Code     4  freertos.o(i.R_CHASSIS_Task)
    RotationMatrix_update                    0x0800623d   Thumb Code   174  mahony_filter.o(i.RotationMatrix_update)
    StartDefaultTask                         0x080063ef   Thumb Code     8  freertos.o(i.StartDefaultTask)
    Start_buzzer                             0x080063f9   Thumb Code    10  buzzer.o(i.Start_buzzer)
    SysTick_Handler                          0x08006409   Thumb Code    26  cmsis_os2.o(i.SysTick_Handler)
    SystemClock_Config                       0x08006425   Thumb Code   146  main.o(i.SystemClock_Config)
    SystemInit                               0x080064bd   Thumb Code   184  system_stm32h7xx.o(i.SystemInit)
    TIM2_IRQHandler                          0x08006595   Thumb Code     6  stm32h7xx_it.o(i.TIM2_IRQHandler)
    TIM_Base_SetConfig                       0x080065a1   Thumb Code   182  stm32h7xx_hal_tim.o(i.TIM_Base_SetConfig)
    TIM_CCxChannelCmd                        0x08006681   Thumb Code    26  stm32h7xx_hal_tim.o(i.TIM_CCxChannelCmd)
    TIM_OC2_SetConfig                        0x08006749   Thumb Code   130  stm32h7xx_hal_tim.o(i.TIM_OC2_SetConfig)
    UsageFault_Handler                       0x080069e1   Thumb Code     2  stm32h7xx_it.o(i.UsageFault_Handler)
    VMC_calc_1_left                          0x080069e5   Thumb Code    80  vmc.o(i.VMC_calc_1_left)
    VMC_calc_1_right                         0x08006a39   Thumb Code    80  vmc.o(i.VMC_calc_1_right)
    VMC_calc_2                               0x08006a8d   Thumb Code    26  vmc.o(i.VMC_calc_2)
    VMC_init                                 0x08006aa9   Thumb Code    46  vmc.o(i.VMC_init)
    YawModel_Para_Update                     0x08006b71   Thumb Code   116  yaw_gain_calc.o(i.YawModel_Para_Update)
    YawPositionGain_Calc                     0x08006c0d   Thumb Code   100  yaw_gain_calc.o(i.YawPositionGain_Calc)
    __ARM_fpclassify                         0x08006c79   Thumb Code    48  fpclassify.o(i.__ARM_fpclassify)
    __ARM_fpclassifyf                        0x08006ca9   Thumb Code    38  fpclassifyf.o(i.__ARM_fpclassifyf)
    __hardfp_asinf                           0x08006cf1   Thumb Code   258  asinf.o(i.__hardfp_asinf)
    __hardfp_atan                            0x08006e29   Thumb Code   402  atan.o(i.__hardfp_atan)
    __hardfp_atan2                           0x08007029   Thumb Code   392  atan2.o(i.__hardfp_atan2)
    __hardfp_atan2f                          0x080071f1   Thumb Code   594  atan2f.o(i.__hardfp_atan2f)
    __hardfp_pow                             0x080074a9   Thumb Code  2140  pow.o(i.__hardfp_pow)
    __hardfp_sqrt                            0x08007da1   Thumb Code   102  sqrt.o(i.__hardfp_sqrt)
    __hardfp_sqrtf                           0x08007e07   Thumb Code    58  sqrtf.o(i.__hardfp_sqrtf)
    __kernel_poly                            0x08007e41   Thumb Code   112  poly.o(i.__kernel_poly)
    __mathlib_dbl_divzero                    0x08007eb1   Thumb Code    14  dunder.o(i.__mathlib_dbl_divzero)
    __mathlib_dbl_infnan                     0x08007ed1   Thumb Code     6  dunder.o(i.__mathlib_dbl_infnan)
    __mathlib_dbl_infnan2                    0x08007ed7   Thumb Code     6  dunder.o(i.__mathlib_dbl_infnan2)
    __mathlib_dbl_invalid                    0x08007ee1   Thumb Code    10  dunder.o(i.__mathlib_dbl_invalid)
    __mathlib_dbl_overflow                   0x08007ef9   Thumb Code    10  dunder.o(i.__mathlib_dbl_overflow)
    __mathlib_dbl_underflow                  0x08007f11   Thumb Code    10  dunder.o(i.__mathlib_dbl_underflow)
    __mathlib_flt_infnan                     0x08007f29   Thumb Code     6  funder.o(i.__mathlib_flt_infnan)
    __mathlib_flt_infnan2                    0x08007f2f   Thumb Code     6  funder.o(i.__mathlib_flt_infnan2)
    __mathlib_flt_invalid                    0x08007f35   Thumb Code    10  funder.o(i.__mathlib_flt_invalid)
    __mathlib_flt_underflow                  0x08007f45   Thumb Code    10  funder.o(i.__mathlib_flt_underflow)
    __scatterload_copy                       0x08007f55   Thumb Code    14  handlers.o(i.__scatterload_copy)
    __scatterload_null                       0x08007f63   Thumb Code     2  handlers.o(i.__scatterload_null)
    __scatterload_zeroinit                   0x08007f65   Thumb Code    14  handlers.o(i.__scatterload_zeroinit)
    __set_errno                              0x08007f75   Thumb Code     6  errno.o(i.__set_errno)
    absf                                     0x08007f81   Thumb Code    16  chassisl_task.o(i.absf)
    arm_cos_f32                              0x08007f91   Thumb Code   118  fastmathfunctions.o(i.arm_cos_f32)
    arm_mat_add_f32                          0x08008015   Thumb Code    42  matrixfunctions.o(i.arm_mat_add_f32)
    arm_mat_init_f32                         0x0800803f   Thumb Code     8  matrixfunctions.o(i.arm_mat_init_f32)
    arm_mat_inverse_f32                      0x08008049   Thumb Code   694  matrixfunctions.o(i.arm_mat_inverse_f32)
    arm_mat_mult_f32                         0x08008305   Thumb Code   112  matrixfunctions.o(i.arm_mat_mult_f32)
    arm_mat_sub_f32                          0x08008379   Thumb Code    42  matrixfunctions.o(i.arm_mat_sub_f32)
    arm_mat_trans_f32                        0x080083a5   Thumb Code    52  matrixfunctions.o(i.arm_mat_trans_f32)
    arm_sin_f32                              0x080083d9   Thumb Code   114  fastmathfunctions.o(i.arm_sin_f32)
    atan                                     0x08008459   Thumb Code    16  atan.o(i.atan)
    bmi088_accel_init                        0x08008469   Thumb Code   292  bmi088driver.o(i.bmi088_accel_init)
    bmi088_gyro_init                         0x08008591   Thumb Code   246  bmi088driver.o(i.bmi088_gyro_init)
    canx_send_data                           0x0800868d   Thumb Code   116  can_bsp.o(i.canx_send_data)
    chassisL_control_loop                    0x08008701   Thumb Code  1110  chassisl_task.o(i.chassisL_control_loop)
    chassisL_feedback_update                 0x08008b59   Thumb Code   116  chassisl_task.o(i.chassisL_feedback_update)
    chassisR_control_loop                    0x08008bd9   Thumb Code   482  chassisr_task.o(i.chassisR_control_loop)
    chassisR_feedback_update                 0x08008dd9   Thumb Code    42  chassisr_task.o(i.chassisR_feedback_update)
    dm4310_fbdata                            0x08008e09   Thumb Code   146  dm4310_drv.o(i.dm4310_fbdata)
    dm6215_fbdata                            0x08008e9d   Thumb Code   146  dm4310_drv.o(i.dm6215_fbdata)
    enable_motor_mode                        0x08008f39   Thumb Code    52  dm4310_drv.o(i.enable_motor_mode)
    fabs                                     0x08008f6d   Thumb Code    24  fabs.o(i.fabs)
    fall_detection                           0x08008f8d   Thumb Code    26  vmc.o(i.fall_detection)
    fivebar_kinematics_func                  0x08008fb5   Thumb Code   568  fivebar_kinematics_func.o(i.fivebar_kinematics_func)
    fivebar_theta_func                       0x08009215   Thumb Code    26  vmc.o(i.fivebar_theta_func)
    fivebar_velocity_func                    0x08009235   Thumb Code  1674  fivebar_velocity_func.o(i.fivebar_velocity_func)
    fivebar_vmc_torque_func                  0x080098cd   Thumb Code  1566  fivebar_vmc_torque_func.o(i.fivebar_vmc_torque_func)
    float_to_uint                            0x08009eeb   Thumb Code    40  dm4310_drv.o(i.float_to_uint)
    ground_detectionL                        0x08009f15   Thumb Code    46  vmc.o(i.ground_detectionL)
    ground_detectionR                        0x08009f49   Thumb Code    46  vmc.o(i.ground_detectionR)
    joint_motor_init                         0x08009f7d   Thumb Code     6  dm4310_drv.o(i.joint_motor_init)
    mahony_init                              0x08009f85   Thumb Code    32  mahony_filter.o(i.mahony_init)
    mahony_input                             0x08009fb5   Thumb Code     8  mahony_filter.o(i.mahony_input)
    mahony_output                            0x08009fbd   Thumb Code    54  mahony_filter.o(i.mahony_output)
    mahony_update                            0x08009ff3   Thumb Code   410  mahony_filter.o(i.mahony_update)
    main                                     0x0800a18d   Thumb Code   194  main.o(i.main)
    malloc                                   0x0800a25d   Thumb Code    92  malloc.o(i.malloc)
    mit_ctrl                                 0x0800a2c9   Thumb Code   188  dm4310_drv.o(i.mit_ctrl)
    mit_ctrl2                                0x0800a38d   Thumb Code   188  dm4310_drv.o(i.mit_ctrl2)
    mySaturate                               0x0800a459   Thumb Code    42  chassisl_task.o(i.mySaturate)
    osDelay                                  0x0800a483   Thumb Code    32  cmsis_os2.o(i.osDelay)
    osKernelGetTickCount                     0x0800a4a3   Thumb Code    24  cmsis_os2.o(i.osKernelGetTickCount)
    osKernelGetTickFreq                      0x0800a4bb   Thumb Code     6  cmsis_os2.o(i.osKernelGetTickFreq)
    osKernelInitialize                       0x0800a4c1   Thumb Code    42  cmsis_os2.o(i.osKernelInitialize)
    osKernelLock                             0x0800a4f1   Thumb Code    42  cmsis_os2.o(i.osKernelLock)
    osKernelStart                            0x0800a51d   Thumb Code    56  cmsis_os2.o(i.osKernelStart)
    osKernelUnlock                           0x0800a55d   Thumb Code    58  cmsis_os2.o(i.osKernelUnlock)
    osThreadNew                              0x0800a597   Thumb Code   146  cmsis_os2.o(i.osThreadNew)
    pvPortMalloc                             0x0800ad39   Thumb Code   204  heap_4.o(i.pvPortMalloc)
    pxPortInitialiseStack                    0x0800ae09   Thumb Code    42  port.o(i.pxPortInitialiseStack)
    reset_settings                           0x0800ae39   Thumb Code    58  ps2_drv.o(i.reset_settings)
    sqrt                                     0x0800ae81   Thumb Code   106  sqrt.o(i.sqrt)
    sqrtf                                    0x0800aeeb   Thumb Code    62  sqrtf.o(i.sqrtf)
    uint_to_float                            0x0800af29   Thumb Code    40  dm4310_drv.o(i.uint_to_float)
    uxListRemove                             0x0800af51   Thumb Code    38  list.o(i.uxListRemove)
    vApplicationGetIdleTaskMemory            0x0800af79   Thumb Code    18  cmsis_os2.o(i.vApplicationGetIdleTaskMemory)
    vApplicationGetTimerTaskMemory           0x0800af91   Thumb Code    20  cmsis_os2.o(i.vApplicationGetTimerTaskMemory)
    vListInitialise                          0x0800afa9   Thumb Code    22  list.o(i.vListInitialise)
    vListInitialiseItem                      0x0800afbf   Thumb Code     6  list.o(i.vListInitialiseItem)
    vListInsert                              0x0800afc5   Thumb Code    48  list.o(i.vListInsert)
    vPortEnterCritical                       0x0800aff5   Thumb Code    54  port.o(i.vPortEnterCritical)
    vPortExitCritical                        0x0800b035   Thumb Code    34  port.o(i.vPortExitCritical)
    vPortFree                                0x0800b05d   Thumb Code    94  heap_4.o(i.vPortFree)
    vPortSetupTimerInterrupt                 0x0800b0c1   Thumb Code    32  port.o(i.vPortSetupTimerInterrupt)
    vPortValidateInterruptPriority           0x0800b0e5   Thumb Code    74  port.o(i.vPortValidateInterruptPriority)
    vQueueAddToRegistry                      0x0800b139   Thumb Code    74  queue.o(i.vQueueAddToRegistry)
    vQueueWaitForMessageRestricted           0x0800b189   Thumb Code    68  queue.o(i.vQueueWaitForMessageRestricted)
    vTaskDelay                               0x0800b1cd   Thumb Code    66  tasks.o(i.vTaskDelay)
    vTaskInternalSetTimeOutState             0x0800b219   Thumb Code    12  tasks.o(i.vTaskInternalSetTimeOutState)
    vTaskMissedYield                         0x0800b229   Thumb Code     8  tasks.o(i.vTaskMissedYield)
    vTaskPlaceOnEventList                    0x0800b235   Thumb Code    44  tasks.o(i.vTaskPlaceOnEventList)
    vTaskPlaceOnEventListRestricted          0x0800b265   Thumb Code    76  tasks.o(i.vTaskPlaceOnEventListRestricted)
    vTaskStartScheduler                      0x0800b2b5   Thumb Code   114  tasks.o(i.vTaskStartScheduler)
    vTaskSuspendAll                          0x0800b339   Thumb Code    10  tasks.o(i.vTaskSuspendAll)
    vTaskSwitchContext                       0x0800b349   Thumb Code    90  tasks.o(i.vTaskSwitchContext)
    wheel_motor_init                         0x0800b3ad   Thumb Code     6  dm4310_drv.o(i.wheel_motor_init)
    xPortStartScheduler                      0x0800b3b5   Thumb Code   234  port.o(i.xPortStartScheduler)
    xPortSysTickHandler                      0x0800b4b5   Thumb Code    38  port.o(i.xPortSysTickHandler)
    xQueueGenericCreateStatic                0x0800b4e1   Thumb Code    70  queue.o(i.xQueueGenericCreateStatic)
    xQueueGenericReset                       0x0800b529   Thumb Code   182  queue.o(i.xQueueGenericReset)
    xQueueReceive                            0x0800b5e5   Thumb Code   310  queue.o(i.xQueueReceive)
    xTaskCheckForTimeOut                     0x0800b721   Thumb Code   112  tasks.o(i.xTaskCheckForTimeOut)
    xTaskCreate                              0x0800b795   Thumb Code    96  tasks.o(i.xTaskCreate)
    xTaskCreateStatic                        0x0800b7f5   Thumb Code   114  tasks.o(i.xTaskCreateStatic)
    xTaskGetSchedulerState                   0x0800b869   Thumb Code    22  tasks.o(i.xTaskGetSchedulerState)
    xTaskGetTickCount                        0x0800b885   Thumb Code     6  tasks.o(i.xTaskGetTickCount)
    xTaskGetTickCountFromISR                 0x0800b891   Thumb Code    12  tasks.o(i.xTaskGetTickCountFromISR)
    xTaskIncrementTick                       0x0800b8a1   Thumb Code   294  tasks.o(i.xTaskIncrementTick)
    xTaskRemoveFromEventList                 0x0800b9d1   Thumb Code   206  tasks.o(i.xTaskRemoveFromEventList)
    xTaskResumeAll                           0x0800baad   Thumb Code   304  tasks.o(i.xTaskResumeAll)
    xTimerCreateTimerTask                    0x0800bbed   Thumb Code    78  timers.o(i.xTimerCreateTimerTask)
    xvEstimateKF_Init                        0x0800bc4d   Thumb Code    94  observe_task.o(i.xvEstimateKF_Init)
    xvEstimateKF_Update                      0x0800bcb5   Thumb Code    54  observe_task.o(i.xvEstimateKF_Update)
    defaultTask_attributes                   0x0800bcf0   Data          36  freertos.o(.constdata)
    D1CorePrescTable                         0x0800be48   Data          16  system_stm32h7xx.o(.constdata)
    vaEstimateKF_H                           0x0800be58   Data          16  observe_task.o(.constdata)
    sinTable_f32                             0x0800be80   Data        2052  commontables.o(.constdata)
    __mathlib_zero                           0x0800c7a8   Data           8  qnan.o(.constdata)
    Region$$Table$$Base                      0x0800c810   Number         0  anon$$obj.o(Region$$Table)
    Region$$Table$$Limit                     0x0800c830   Number         0  anon$$obj.o(Region$$Table)
    BMI088_INIT_OK_FLAG                      0x24000000   Data           1  main.o(.data)
    INS_TASKHandle                           0x24000004   Data           4  freertos.o(.data)
    R_CHASSIS_TASKHandle                     0x24000008   Data           4  freertos.o(.data)
    L_CHASSIS_TASKHandle                     0x2400000c   Data           4  freertos.o(.data)
    OBSERVER_TASKHandle                      0x24000010   Data           4  freertos.o(.data)
    PS2_TASKHandle                           0x24000014   Data           4  freertos.o(.data)
    Temp_TASKHandle                          0x24000018   Data           4  freertos.o(.data)
    defaultTaskHandle                        0x2400001c   Data           4  freertos.o(.data)
    uwTickFreq                               0x24000024   Data           1  stm32h7xx_hal.o(.data)
    uwTickPrio                               0x24000028   Data           4  stm32h7xx_hal.o(.data)
    uwTick                                   0x2400002c   Data           4  stm32h7xx_hal.o(.data)
    SystemCoreClock                          0x24000030   Data           4  system_stm32h7xx.o(.data)
    SystemD2Clock                            0x24000034   Data           4  system_stm32h7xx.o(.data)
    pxCurrentTCB                             0x24000038   Data           4  tasks.o(.data)
    uxTopUsedPriority                        0x24000068   Data           4  tasks.o(.data)
    caliOffset                               0x240000bb   Data           1  bmi088driver.o(.data)
    caliCount                                0x240000bc   Data           2  bmi088driver.o(.data)
    BMI088_ACCEL_SEN                         0x240000c4   Data           4  bmi088driver.o(.data)
    BMI088_GYRO_SEN                          0x240000c8   Data           4  bmi088driver.o(.data)
    gNormDiff                                0x240000d0   Data           4  bmi088driver.o(.data)
    BMI088_SPI                               0x24000100   Data           4  bmi088middleware.o(.data)
    PS2_FrameOK                              0x24000104   Data           1  ps2_drv.o(.data)
    PS2_AnalogOK                             0x24000105   Data           1  ps2_drv.o(.data)
    PS2_Mode                                 0x24000106   Data           1  ps2_drv.o(.data)
    yaw_pd_position_OR_velo_FLAG             0x24000109   Data           1  ps2_drv.o(.data)
    LQR_pd_position_OR_velo_FLAG             0x2400010a   Data           1  ps2_drv.o(.data)
    FM_START                                 0x2400010b   Data           1  ps2_drv.o(.data)
    FM_JUMP                                  0x2400010c   Data           1  ps2_drv.o(.data)
    FM_STOP                                  0x2400010d   Data           1  ps2_drv.o(.data)
    PS2_TIME                                 0x2400010e   Data           1  ps2_drv.o(.data)
    fm_ps2_connected                         0x2400010f   Data           1  ps2_drv.o(.data)
    fm_ps2_mode                              0x24000110   Data           1  ps2_drv.o(.data)
    fm_ps2_buttons                           0x24000112   Data           2  ps2_drv.o(.data)
    fm_ps2_rx                                0x24000114   Data           2  ps2_drv.o(.data)
    fm_ps2_ry                                0x24000116   Data           2  ps2_drv.o(.data)
    fm_ps2_lx                                0x24000118   Data           2  ps2_drv.o(.data)
    fm_ps2_ly                                0x2400011a   Data           2  ps2_drv.o(.data)
    PS2_OkCnt                                0x2400011c   Data           4  ps2_drv.o(.data)
    PS2_BadCnt                               0x24000120   Data           4  ps2_drv.o(.data)
    PS2_LostCnt                              0x24000124   Data           4  ps2_drv.o(.data)
    roll_err                                 0x24000128   Data           4  ps2_drv.o(.data)
    check_clock                              0x2400012c   Data           4  ps2_drv.o(.data)
    fm_ps2_ok_cnt                            0x24000130   Data           4  ps2_drv.o(.data)
    fm_ps2_bad_cnt                           0x24000134   Data           4  ps2_drv.o(.data)
    fm_ps2_lost_cnt                          0x24000138   Data           4  ps2_drv.o(.data)
    INS_DATA_HANDLELER_PS2                   0x2400013c   Data           4  ps2_drv.o(.data)
    PS2_StableData                           0x24000140   Data           9  ps2_drv.o(.data)
    sizeof_float                             0x2400014a   Data           2  kalman_filter.o(.data)
    sizeof_double                            0x2400014c   Data           2  kalman_filter.o(.data)
    INS_Data_Handle_VMC                      0x24000150   Data           4  vmc.o(.data)
    SysTime                                  0x24000188   Data           8  bsp_dwt.o(.data)
    CYCCNT64                                 0x24000190   Data           8  bsp_dwt.o(.data)
    INS_DWT_Count                            0x24000198   Data           4  ins_task.o(.data)
    ins_dt                                   0x2400019c   Data           4  ins_task.o(.data)
    ins_time                                 0x240001a0   Data           4  ins_task.o(.data)
    BMI088_DATA_HANDLE                       0x240001a4   Data           4  ins_task.o(.data)
    OBSERVE_TIME                             0x240001a8   Data           4  observe_task.o(.data)
    INS_Data_Handle_Observe                  0x240001b8   Data           4  observe_task.o(.data)
    vaEstimateKF_F                           0x240001cc   Data          16  observe_task.o(.data)
    vaEstimateKF_P                           0x240001dc   Data          16  observe_task.o(.data)
    vaEstimateKF_Q                           0x240001ec   Data          16  observe_task.o(.data)
    vaEstimateKF_R                           0x240001fc   Data          16  observe_task.o(.data)
    OFF_GROUND_FLAG                          0x2400020c   Data           1  chassisl_task.o(.data)
    self_lock_flag                           0x2400020d   Data           1  chassisl_task.o(.data)
    task_counter                             0x2400020e   Data           1  chassisl_task.o(.data)
    left_flag                                0x24000211   Data           1  chassisl_task.o(.data)
    INS_DATA_HANDLELER_L                     0x24000218   Data           4  chassisl_task.o(.data)
    L_output                                 0x2400021c   Data           4  chassisl_task.o(.data)
    Poly_Coefficient_Move                    0x24000220   Data         192  chassisl_task.o(.data)
    right_flag                               0x240002e0   Data           1  chassisr_task.o(.data)
    INS_DATA_HANDLELER_R                     0x240002e4   Data           4  chassisr_task.o(.data)
    R_output                                 0x240002e8   Data           4  chassisr_task.o(.data)
    forceStop                                0x240002ec   Data           1  imu_temp_ctrl.o(.data)
    out                                      0x240002f0   Data           4  imu_temp_ctrl.o(.data)
    err                                      0x240002f4   Data           4  imu_temp_ctrl.o(.data)
    err_l                                    0x240002f8   Data           4  imu_temp_ctrl.o(.data)
    err_ll                                   0x240002fc   Data           4  imu_temp_ctrl.o(.data)
    temp                                     0x24000300   Data           4  imu_temp_ctrl.o(.data)
    IMU_DATA_TEMP_HANDLE                     0x24000304   Data           4  imu_temp_ctrl.o(.data)
    __microlib_freelist                      0x24000308   Data           4  mvars.o(.data)
    __microlib_freelist_initialised          0x2400030c   Data           4  mvars.o(.data)
    hfdcan1                                  0x24000314   Data         160  fdcan.o(.bss)
    hfdcan2                                  0x240003b4   Data         160  fdcan.o(.bss)
    hspi2                                    0x24000454   Data         136  spi.o(.bss)
    htim3                                    0x240004dc   Data          76  tim.o(.bss)
    htim12                                   0x24000528   Data          76  tim.o(.bss)
    htim2                                    0x24000574   Data          76  stm32h7xx_hal_timebase_tim.o(.bss)
    xQueueRegistry                           0x240005c0   Data          64  queue.o(.bss)
    gyroDiff                                 0x24004e94   Data          12  bmi088driver.o(.bss)
    PS2_RawData                              0x24004ee0   Data           9  ps2_drv.o(.bss)
    ps2_data                                 0x24004eea   Data          16  ps2_drv.o(.bss)
    wheel_leg_robot_para                     0x24004efc   Data          40  yaw_gain_calc.o(.bss)
    RxHeader1                                0x24004f24   Data          40  can_bsp.o(.bss)
    g_Can1RxData                             0x24004f4c   Data          64  can_bsp.o(.bss)
    RxHeader2                                0x24004f8c   Data          40  can_bsp.o(.bss)
    g_Can2RxData                             0x24004fb4   Data          64  can_bsp.o(.bss)
    mahony                                   0x2400505c   Data         132  ins_task.o(.bss)
    Gyro                                     0x240050e0   Data          12  ins_task.o(.bss)
    Accel                                    0x240050ec   Data          12  ins_task.o(.bss)
    vaEstimateKF                             0x240050f8   Data         320  observe_task.o(.bss)
    LQR_K_L                                  0x24005238   Data          48  chassisl_task.o(.bss)
    chassis_move                             0x24005268   Data         436  chassisl_task.o(.bss)
    VMC_left                                 0x2400541c   Data          84  chassisl_task.o(.bss)
    LegL_PD                                  0x24005470   Data          72  chassisl_task.o(.bss)
    Tp_PD                                    0x240054b8   Data          72  chassisl_task.o(.bss)
    Turn_PD_Position                         0x24005500   Data          72  chassisl_task.o(.bss)
    legl_pid                                 0x24005548   Data          12  chassisl_task.o(.bss)
    LQR_K_R                                  0x24005554   Data          48  chassisr_task.o(.bss)
    VMC_right                                0x24005584   Data          84  chassisr_task.o(.bss)
    LegR_Pid                                 0x240055d8   Data          72  chassisr_task.o(.bss)
    legr_pid                                 0x24005620   Data          12  chassisr_task.o(.bss)
    __heap_base                              0x24005630   Data           0  startup_stm32h723xx.o(HEAP)
    __heap_limit                             0x24005830   Data           0  startup_stm32h723xx.o(HEAP)
    __initial_sp                             0x24005c30   Data           0  startup_stm32h723xx.o(STACK)



==============================================================================

Memory Map of the image

  Image Entry point : 0x080002cd

  Load Region LR_IROM1 (Base: 0x08000000, Size: 0x0000cb44, Max: 0x00100000, ABSOLUTE, COMPRESSED[0x0000c96c])

    Execution Region ER_IROM1 (Exec base: 0x08000000, Load base: 0x08000000, Size: 0x0000c830, Max: 0x00100000, ABSOLUTE)

    Exec Addr    Load Addr    Size         Type   Attr      Idx    E Section Name        Object

    0x08000000   0x08000000   0x000002cc   Data   RO            3    RESET               startup_stm32h723xx.o
    0x080002cc   0x080002cc   0x00000000   Code   RO        14931  * .ARM.Collect$$$$00000000  mc_w.l(entry.o)
    0x080002cc   0x080002cc   0x00000004   Code   RO        15054    .ARM.Collect$$$$00000001  mc_w.l(entry2.o)
    0x080002d0   0x080002d0   0x00000004   Code   RO        15057    .ARM.Collect$$$$00000004  mc_w.l(entry5.o)
    0x080002d4   0x080002d4   0x00000000   Code   RO        15059    .ARM.Collect$$$$00000008  mc_w.l(entry7b.o)
    0x080002d4   0x080002d4   0x00000000   Code   RO        15061    .ARM.Collect$$$$0000000A  mc_w.l(entry8b.o)
    0x080002d4   0x080002d4   0x00000008   Code   RO        15062    .ARM.Collect$$$$0000000B  mc_w.l(entry9a.o)
    0x080002dc   0x080002dc   0x00000004   Code   RO        15069    .ARM.Collect$$$$0000000E  mc_w.l(entry12b.o)
    0x080002e0   0x080002e0   0x00000000   Code   RO        15064    .ARM.Collect$$$$0000000F  mc_w.l(entry10a.o)
    0x080002e0   0x080002e0   0x00000000   Code   RO        15066    .ARM.Collect$$$$00000011  mc_w.l(entry11a.o)
    0x080002e0   0x080002e0   0x00000004   Code   RO        15055    .ARM.Collect$$$$00002712  mc_w.l(entry2.o)
    0x080002e4   0x080002e4   0x000000be   Code   RO         6932    .emb_text           port.o
    0x080003a2   0x080003a2   0x00000002   PAD
    0x080003a4   0x080003a4   0x0000002c   Code   RO            4    .text               startup_stm32h723xx.o
    0x080003d0   0x080003d0   0x00000062   Code   RO        14934    .text               mc_w.l(uldiv.o)
    0x08000432   0x08000432   0x0000001e   Code   RO        14938    .text               mc_w.l(llshl.o)
    0x08000450   0x08000450   0x00000024   Code   RO        14942    .text               mc_w.l(memcpya.o)
    0x08000474   0x08000474   0x00000024   Code   RO        14946    .text               mc_w.l(memseta.o)
    0x08000498   0x08000498   0x00000020   Code   RO        15070    .text               mc_w.l(llushr.o)
    0x080004b8   0x080004b8   0x00000000   Code   RO        15081    .text               mc_w.l(iusefp.o)
    0x080004b8   0x080004b8   0x0000002e   Code   RO        15082    .text               mf_w.l(dscalb.o)
    0x080004e6   0x080004e6   0x00000002   PAD
    0x080004e8   0x080004e8   0x00000024   Code   RO        15086    .text               mc_w.l(init.o)
    0x0800050c   0x0800050c   0x00000056   Code   RO        15096    .text               mc_w.l(__dczerorl2.o)
    0x08000562   0x08000562   0x00000002   PAD
    0x08000564   0x08000564   0x00000010   Code   RO         7102    i.BMI088_ACCEL_NS_H  bmi088middleware.o
    0x08000574   0x08000574   0x00000010   Code   RO         7103    i.BMI088_ACCEL_NS_L  bmi088middleware.o
    0x08000584   0x08000584   0x00000010   Code   RO         7104    i.BMI088_GYRO_NS_H  bmi088middleware.o
    0x08000594   0x08000594   0x00000010   Code   RO         7105    i.BMI088_GYRO_NS_L  bmi088middleware.o
    0x080005a4   0x080005a4   0x00000008   Code   RO         7012    i.BMI088_GetData    bmi088driver.o
    0x080005ac   0x080005ac   0x000001f8   Code   RO         7014    i.BMI088_Read       bmi088driver.o
    0x080007a4   0x080007a4   0x00000098   Code   RO         7015    i.BMI088_init       bmi088driver.o
    0x0800083c   0x0800083c   0x00000024   Code   RO         7016    i.BMI088_read_muli_reg  bmi088driver.o
    0x08000860   0x08000860   0x00000016   Code   RO         7017    i.BMI088_read_single_reg  bmi088driver.o
    0x08000876   0x08000876   0x00000002   PAD
    0x08000878   0x08000878   0x00000024   Code   RO         7106    i.BMI088_read_write_byte  bmi088middleware.o
    0x0800089c   0x0800089c   0x00000012   Code   RO         7018    i.BMI088_write_single_reg  bmi088driver.o
    0x080008ae   0x080008ae   0x00000002   Code   RO          613    i.BusFault_Handler  stm32h7xx_it.o
    0x080008b0   0x080008b0   0x000004ee   Code   RO         7019    i.Calibrate_MPU_Offset  bmi088driver.o
    0x08000d9e   0x08000d9e   0x00000002   PAD
    0x08000da0   0x08000da0   0x000000e0   Code   RO         8038    i.ChassisL_init     chassisl_task.o
    0x08000e80   0x08000e80   0x00000134   Code   RO         8039    i.ChassisL_task     chassisl_task.o
    0x08000fb4   0x08000fb4   0x000000c8   Code   RO         8113    i.ChassisR_init     chassisr_task.o
    0x0800107c   0x0800107c   0x00000120   Code   RO         8114    i.ChassisR_task     chassisr_task.o
    0x0800119c   0x0800119c   0x00000024   Code   RO         7809    i.DWT_CNT_Update    bsp_dwt.o
    0x080011c0   0x080011c0   0x00000034   Code   RO         7810    i.DWT_Delay         bsp_dwt.o
    0x080011f4   0x080011f4   0x0000001c   Code   RO         7811    i.DWT_Delay_us      bsp_dwt.o
    0x08001210   0x08001210   0x00000044   Code   RO         7812    i.DWT_GetDeltaT     bsp_dwt.o
    0x08001254   0x08001254   0x00000044   Code   RO         7815    i.DWT_GetTimeline_s  bsp_dwt.o
    0x08001298   0x08001298   0x00000048   Code   RO         7817    i.DWT_Init          bsp_dwt.o
    0x080012e0   0x080012e0   0x0000009c   Code   RO         7818    i.DWT_SysTimeUpdate  bsp_dwt.o
    0x0800137c   0x0800137c   0x00000002   Code   RO          614    i.DebugMon_Handler  stm32h7xx_it.o
    0x0800137e   0x0800137e   0x00000002   PAD
    0x08001380   0x08001380   0x00000010   Code   RO         7369    i.End_buzzer        buzzer.o
    0x08001390   0x08001390   0x00000004   Code   RO           13    i.Error_Handler     main.o
    0x08001394   0x08001394   0x0000001c   Code   RO         5132    i.ExitRun0Mode      system_stm32h7xx.o
    0x080013b0   0x080013b0   0x00000060   Code   RO         7892    i.FDCAN1_Config     can_bsp.o
    0x08001410   0x08001410   0x0000000c   Code   RO          615    i.FDCAN1_IT0_IRQHandler  stm32h7xx_it.o
    0x0800141c   0x0800141c   0x00000060   Code   RO         7893    i.FDCAN2_Config     can_bsp.o
    0x0800147c   0x0800147c   0x0000000c   Code   RO          616    i.FDCAN2_IT0_IRQHandler  stm32h7xx_it.o
    0x08001488   0x08001488   0x000001c8   Code   RO         4185    i.FDCAN_CalculateRamBlockAddresses  stm32h7xx_hal_fdcan.o
    0x08001650   0x08001650   0x0000007c   Code   RO         4186    i.FDCAN_CopyMessageToRAM  stm32h7xx_hal_fdcan.o
    0x080016cc   0x080016cc   0x00000038   Code   RO         7755    i.FFF_Damper_Kp_calc_KpKd  yaw_gain_calc.o
    0x08001704   0x08001704   0x000000b8   Code   RO          348    i.FREERTOS_ALLTASK_Init  freertos.o
    0x080017bc   0x080017bc   0x000000b4   Code   RO         7403    i.Fai0DiffPD_Calculate  fai0_diff_pd.o
    0x08001870   0x08001870   0x00000024   Code   RO         3246    i.HAL_Delay         stm32h7xx_hal.o
    0x08001894   0x08001894   0x00000088   Code   RO         4188    i.HAL_FDCAN_ActivateNotification  stm32h7xx_hal_fdcan.o
    0x0800191c   0x0800191c   0x00000066   Code   RO         4190    i.HAL_FDCAN_AddMessageToTxFifoQ  stm32h7xx_hal_fdcan.o
    0x08001982   0x08001982   0x00000002   Code   RO         4191    i.HAL_FDCAN_ClockCalibrationCallback  stm32h7xx_hal_fdcan.o
    0x08001984   0x08001984   0x0000007e   Code   RO         4195    i.HAL_FDCAN_ConfigFilter  stm32h7xx_hal_fdcan.o
    0x08001a02   0x08001a02   0x00000032   Code   RO         4196    i.HAL_FDCAN_ConfigGlobalFilter  stm32h7xx_hal_fdcan.o
    0x08001a34   0x08001a34   0x00000002   Code   RO         4217    i.HAL_FDCAN_ErrorCallback  stm32h7xx_hal_fdcan.o
    0x08001a36   0x08001a36   0x00000002   Code   RO         4218    i.HAL_FDCAN_ErrorStatusCallback  stm32h7xx_hal_fdcan.o
    0x08001a38   0x08001a38   0x000001a0   Code   RO         4229    i.HAL_FDCAN_GetRxMessage  stm32h7xx_hal_fdcan.o
    0x08001bd8   0x08001bd8   0x00000002   Code   RO         4235    i.HAL_FDCAN_HighPriorityMessageCallback  stm32h7xx_hal_fdcan.o
    0x08001bda   0x08001bda   0x00000002   PAD
    0x08001bdc   0x08001bdc   0x00000320   Code   RO         4236    i.HAL_FDCAN_IRQHandler  stm32h7xx_hal_fdcan.o
    0x08001efc   0x08001efc   0x00000244   Code   RO         4237    i.HAL_FDCAN_Init    stm32h7xx_hal_fdcan.o
    0x08002140   0x08002140   0x000000e4   Code   RO          469    i.HAL_FDCAN_MspInit  fdcan.o
    0x08002224   0x08002224   0x00000002   Code   RO         4246    i.HAL_FDCAN_RxBufferNewMessageCallback  stm32h7xx_hal_fdcan.o
    0x08002226   0x08002226   0x00000002   PAD
    0x08002228   0x08002228   0x0000006c   Code   RO         7894    i.HAL_FDCAN_RxFifo0Callback  can_bsp.o
    0x08002294   0x08002294   0x0000006c   Code   RO         7895    i.HAL_FDCAN_RxFifo1Callback  can_bsp.o
    0x08002300   0x08002300   0x00000032   Code   RO         4249    i.HAL_FDCAN_Start   stm32h7xx_hal_fdcan.o
    0x08002332   0x08002332   0x00000002   Code   RO         4271    i.HAL_FDCAN_TT_GlobalTimeCallback  stm32h7xx_hal_fdcan.o
    0x08002334   0x08002334   0x00000002   Code   RO         4272    i.HAL_FDCAN_TT_ScheduleSyncCallback  stm32h7xx_hal_fdcan.o
    0x08002336   0x08002336   0x00000002   Code   RO         4277    i.HAL_FDCAN_TT_StopWatchCallback  stm32h7xx_hal_fdcan.o
    0x08002338   0x08002338   0x00000002   Code   RO         4278    i.HAL_FDCAN_TT_TimeMarkCallback  stm32h7xx_hal_fdcan.o
    0x0800233a   0x0800233a   0x00000002   Code   RO         4279    i.HAL_FDCAN_TimeoutOccurredCallback  stm32h7xx_hal_fdcan.o
    0x0800233c   0x0800233c   0x00000002   Code   RO         4280    i.HAL_FDCAN_TimestampWraparoundCallback  stm32h7xx_hal_fdcan.o
    0x0800233e   0x0800233e   0x00000002   Code   RO         4281    i.HAL_FDCAN_TxBufferAbortCallback  stm32h7xx_hal_fdcan.o
    0x08002340   0x08002340   0x00000002   Code   RO         4282    i.HAL_FDCAN_TxBufferCompleteCallback  stm32h7xx_hal_fdcan.o
    0x08002342   0x08002342   0x00000002   Code   RO         4283    i.HAL_FDCAN_TxEventFifoCallback  stm32h7xx_hal_fdcan.o
    0x08002344   0x08002344   0x00000002   Code   RO         4284    i.HAL_FDCAN_TxFifoEmptyCallback  stm32h7xx_hal_fdcan.o
    0x08002346   0x08002346   0x00000002   PAD
    0x08002348   0x08002348   0x00000224   Code   RO         2397    i.HAL_GPIO_Init     stm32h7xx_hal_gpio.o
    0x0800256c   0x0800256c   0x0000000a   Code   RO         2399    i.HAL_GPIO_ReadPin  stm32h7xx_hal_gpio.o
    0x08002576   0x08002576   0x0000000a   Code   RO         2401    i.HAL_GPIO_WritePin  stm32h7xx_hal_gpio.o
    0x08002580   0x08002580   0x0000000c   Code   RO         3262    i.HAL_GetTick       stm32h7xx_hal.o
    0x0800258c   0x0800258c   0x00000010   Code   RO         3268    i.HAL_IncTick       stm32h7xx_hal.o
    0x0800259c   0x0800259c   0x0000005c   Code   RO         3269    i.HAL_Init          stm32h7xx_hal.o
    0x080025f8   0x080025f8   0x0000008c   Code   RO          713    i.HAL_InitTick      stm32h7xx_hal_timebase_tim.o
    0x08002684   0x08002684   0x0000005c   Code   RO         1772    i.HAL_MPU_ConfigRegion  stm32h7xx_hal_cortex.o
    0x080026e0   0x080026e0   0x0000001c   Code   RO         1773    i.HAL_MPU_Disable   stm32h7xx_hal_cortex.o
    0x080026fc   0x080026fc   0x00000024   Code   RO         1775    i.HAL_MPU_Enable    stm32h7xx_hal_cortex.o
    0x08002720   0x08002720   0x00000024   Code   RO          689    i.HAL_MspInit       stm32h7xx_hal_msp.o
    0x08002744   0x08002744   0x0000001a   Code   RO         1779    i.HAL_NVIC_EnableIRQ  stm32h7xx_hal_cortex.o
    0x0800275e   0x0800275e   0x00000002   PAD
    0x08002760   0x08002760   0x00000040   Code   RO         1785    i.HAL_NVIC_SetPriority  stm32h7xx_hal_cortex.o
    0x080027a0   0x080027a0   0x00000024   Code   RO         1786    i.HAL_NVIC_SetPriorityGrouping  stm32h7xx_hal_cortex.o
    0x080027c4   0x080027c4   0x00000054   Code   RO         2998    i.HAL_PWREx_ConfigSupply  stm32h7xx_hal_pwr_ex.o
    0x08002818   0x08002818   0x0000093a   Code   RO         2049    i.HAL_RCCEx_PeriphCLKConfig  stm32h7xx_hal_rcc_ex.o
    0x08003152   0x08003152   0x00000002   PAD
    0x08003154   0x08003154   0x0000025c   Code   RO         1925    i.HAL_RCC_ClockConfig  stm32h7xx_hal_rcc.o
    0x080033b0   0x080033b0   0x0000005c   Code   RO         1929    i.HAL_RCC_GetClockConfig  stm32h7xx_hal_rcc.o
    0x0800340c   0x0800340c   0x00000044   Code   RO         1930    i.HAL_RCC_GetHCLKFreq  stm32h7xx_hal_rcc.o
    0x08003450   0x08003450   0x00000024   Code   RO         1932    i.HAL_RCC_GetPCLK1Freq  stm32h7xx_hal_rcc.o
    0x08003474   0x08003474   0x00000138   Code   RO         1934    i.HAL_RCC_GetSysClockFreq  stm32h7xx_hal_rcc.o
    0x080035ac   0x080035ac   0x00000526   Code   RO         1937    i.HAL_RCC_OscConfig  stm32h7xx_hal_rcc.o
    0x08003ad2   0x08003ad2   0x00000002   PAD
    0x08003ad4   0x08003ad4   0x0000017c   Code   RO         4814    i.HAL_SPI_Init      stm32h7xx_hal_spi.o
    0x08003c50   0x08003c50   0x000000b0   Code   RO          518    i.HAL_SPI_MspInit   spi.o
    0x08003d00   0x08003d00   0x00000348   Code   RO         4824    i.HAL_SPI_TransmitReceive  stm32h7xx_hal_spi.o
    0x08004048   0x08004048   0x00000010   Code   RO         3276    i.HAL_SYSCFG_AnalogSwitchConfig  stm32h7xx_hal.o
    0x08004058   0x08004058   0x00000002   Code   RO         1468    i.HAL_TIMEx_Break2Callback  stm32h7xx_hal_tim_ex.o
    0x0800405a   0x0800405a   0x00000002   Code   RO         1469    i.HAL_TIMEx_BreakCallback  stm32h7xx_hal_tim_ex.o
    0x0800405c   0x0800405c   0x00000002   Code   RO         1470    i.HAL_TIMEx_CommutCallback  stm32h7xx_hal_tim_ex.o
    0x0800405e   0x0800405e   0x00000002   PAD
    0x08004060   0x08004060   0x000000b8   Code   RO         1491    i.HAL_TIMEx_MasterConfigSynchronization  stm32h7xx_hal_tim_ex.o
    0x08004118   0x08004118   0x00000062   Code   RO          754    i.HAL_TIM_Base_Init  stm32h7xx_hal_tim.o
    0x0800417a   0x0800417a   0x00000002   Code   RO          756    i.HAL_TIM_Base_MspInit  stm32h7xx_hal_tim.o
    0x0800417c   0x0800417c   0x000000a0   Code   RO          759    i.HAL_TIM_Base_Start_IT  stm32h7xx_hal_tim.o
    0x0800421c   0x0800421c   0x00000002   Code   RO          788    i.HAL_TIM_IC_CaptureCallback  stm32h7xx_hal_tim.o
    0x0800421e   0x0800421e   0x00000148   Code   RO          802    i.HAL_TIM_IRQHandler  stm32h7xx_hal_tim.o
    0x08004366   0x08004366   0x00000002   PAD
    0x08004368   0x08004368   0x00000070   Code   RO          559    i.HAL_TIM_MspPostInit  tim.o
    0x080043d8   0x080043d8   0x00000002   Code   RO          805    i.HAL_TIM_OC_DelayElapsedCallback  stm32h7xx_hal_tim.o
    0x080043da   0x080043da   0x00000124   Code   RO          826    i.HAL_TIM_PWM_ConfigChannel  stm32h7xx_hal_tim.o
    0x080044fe   0x080044fe   0x00000062   Code   RO          829    i.HAL_TIM_PWM_Init  stm32h7xx_hal_tim.o
    0x08004560   0x08004560   0x00000040   Code   RO          561    i.HAL_TIM_PWM_MspInit  tim.o
    0x080045a0   0x080045a0   0x00000002   Code   RO          832    i.HAL_TIM_PWM_PulseFinishedCallback  stm32h7xx_hal_tim.o
    0x080045a2   0x080045a2   0x00000002   PAD
    0x080045a4   0x080045a4   0x00000124   Code   RO          834    i.HAL_TIM_PWM_Start  stm32h7xx_hal_tim.o
    0x080046c8   0x080046c8   0x0000000e   Code   RO           14    i.HAL_TIM_PeriodElapsedCallback  main.o
    0x080046d6   0x080046d6   0x00000002   Code   RO          845    i.HAL_TIM_TriggerCallback  stm32h7xx_hal_tim.o
    0x080046d8   0x080046d8   0x00000110   Code   RO         7508    i.H_K_R_Adjustment  kalman_filter.o
    0x080047e8   0x080047e8   0x00000002   Code   RO          617    i.HardFault_Handler  stm32h7xx_it.o
    0x080047ea   0x080047ea   0x00000004   Code   RO          349    i.IMU_TempCtrlTask  freertos.o
    0x080047ee   0x080047ee   0x00000002   PAD
    0x080047f0   0x080047f0   0x000000e0   Code   RO         8164    i.IMU_TempCtrltask  imu_temp_ctrl.o
    0x080048d0   0x080048d0   0x00000008   Code   RO         7944    i.INS_GetData       ins_task.o
    0x080048d8   0x080048d8   0x00000034   Code   RO         7945    i.INS_Init          ins_task.o
    0x0800490c   0x0800490c   0x00000004   Code   RO          350    i.INS_Task          freertos.o
    0x08004910   0x08004910   0x000001c8   Code   RO         7946    i.INS_task          ins_task.o
    0x08004ad8   0x08004ad8   0x00000026   Code   RO         6355    i.IRQ_Context       cmsis_os2.o
    0x08004afe   0x08004afe   0x00000002   PAD
    0x08004b00   0x08004b00   0x00000014   Code   RO         7370    i.Init_buzzer       buzzer.o
    0x08004b14   0x08004b14   0x000003e4   Code   RO         7509    i.Kalman_Filter_Init  kalman_filter.o
    0x08004ef8   0x08004ef8   0x00000048   Code   RO         7510    i.Kalman_Filter_Measure  kalman_filter.o
    0x08004f40   0x08004f40   0x0000006a   Code   RO         7511    i.Kalman_Filter_P_Update  kalman_filter.o
    0x08004faa   0x08004faa   0x0000006c   Code   RO         7512    i.Kalman_Filter_PminusUpdate  kalman_filter.o
    0x08005016   0x08005016   0x000000ca   Code   RO         7513    i.Kalman_Filter_SetK  kalman_filter.o
    0x080050e0   0x080050e0   0x000000e8   Code   RO         7514    i.Kalman_Filter_Update  kalman_filter.o
    0x080051c8   0x080051c8   0x00000074   Code   RO         7515    i.Kalman_Filter_xhatMinusUpdate  kalman_filter.o
    0x0800523c   0x0800523c   0x00000084   Code   RO         7516    i.Kalman_Filter_xhatUpdate  kalman_filter.o
    0x080052c0   0x080052c0   0x0000002e   Code   RO         8040    i.LQR_Cubic_Spline_calc  chassisl_task.o
    0x080052ee   0x080052ee   0x00000002   PAD
    0x080052f0   0x080052f0   0x00000030   Code   RO         8041    i.LQR_Get_K_Given_Length_L  chassisl_task.o
    0x08005320   0x08005320   0x00000038   Code   RO         8115    i.LQR_Get_K_Given_Length_R  chassisr_task.o
    0x08005358   0x08005358   0x00000004   Code   RO          351    i.L_CHASSIS_Task    freertos.o
    0x0800535c   0x0800535c   0x00000068   Code   RO          470    i.MX_FDCAN1_Init    fdcan.o
    0x080053c4   0x080053c4   0x00000070   Code   RO          471    i.MX_FDCAN2_Init    fdcan.o
    0x08005434   0x08005434   0x00000024   Code   RO          352    i.MX_FREERTOS_Init  freertos.o
    0x08005458   0x08005458   0x00000128   Code   RO          324    i.MX_GPIO_Init      gpio.o
    0x08005580   0x08005580   0x00000068   Code   RO          519    i.MX_SPI2_Init      spi.o
    0x080055e8   0x080055e8   0x00000078   Code   RO          562    i.MX_TIM12_Init     tim.o
    0x08005660   0x08005660   0x00000074   Code   RO          563    i.MX_TIM3_Init      tim.o
    0x080056d4   0x080056d4   0x00000002   Code   RO          618    i.MemManage_Handler  stm32h7xx_it.o
    0x080056d6   0x080056d6   0x00000002   Code   RO          619    i.NMI_Handler       stm32h7xx_it.o
    0x080056d8   0x080056d8   0x00000004   Code   RO          353    i.OBSERVER_Task     freertos.o
    0x080056dc   0x080056dc   0x0000013c   Code   RO         7988    i.Observe_task      observe_task.o
    0x08005818   0x08005818   0x0000005c   Code   RO         7423    i.PID_init          pid.o
    0x08005874   0x08005874   0x00000030   Code   RO         7156    i.PS2_BusIdle       ps2_drv.o
    0x080058a4   0x080058a4   0x000000b4   Code   RO         7157    i.PS2_ConfigAnalogMode  ps2_drv.o
    0x08005958   0x08005958   0x00000080   Code   RO         7158    i.PS2_ExchangePacket  ps2_drv.o
    0x080059d8   0x080059d8   0x00000038   Code   RO         7159    i.PS2_FreeMasterMirrorUpdate  ps2_drv.o
    0x08005a10   0x08005a10   0x0000006c   Code   RO         7161    i.PS2_Init          ps2_drv.o
    0x08005a7c   0x08005a7c   0x00000050   Code   RO         7162    i.PS2_ResetDataToSafe  ps2_drv.o
    0x08005acc   0x08005acc   0x00000014   Code   RO         7163    i.PS2_SendPacket    ps2_drv.o
    0x08005ae0   0x08005ae0   0x00000020   Code   RO         7164    i.PS2_ShortPoll     ps2_drv.o
    0x08005b00   0x08005b00   0x00000004   Code   RO          354    i.PS2_Task          freertos.o
    0x08005b04   0x08005b04   0x00000090   Code   RO         7165    i.PS2_TransferByte  ps2_drv.o
    0x08005b94   0x08005b94   0x0000011c   Code   RO         7166    i.PS2_Update        ps2_drv.o
    0x08005cb0   0x08005cb0   0x00000278   Code   RO         7167    i.PS2_data_process  ps2_drv.o
    0x08005f28   0x08005f28   0x0000004c   Code   RO         7168    i.PS2_task          ps2_drv.o
    0x08005f74   0x08005f74   0x00000040   Code   RO         8042    i.Pensation_init    chassisl_task.o
    0x08005fb4   0x08005fb4   0x00000044   Code   RO           15    i.PeriphCommonClock_Config  main.o
    0x08005ff8   0x08005ff8   0x00000120   Code   RO         2052    i.RCCEx_PLL2_Config  stm32h7xx_hal_rcc_ex.o
    0x08006118   0x08006118   0x00000120   Code   RO         2053    i.RCCEx_PLL3_Config  stm32h7xx_hal_rcc_ex.o
    0x08006238   0x08006238   0x00000004   Code   RO          355    i.R_CHASSIS_Task    freertos.o
    0x0800623c   0x0800623c   0x000000ae   Code   RO         7457    i.RotationMatrix_update  mahony_filter.o
    0x080062ea   0x080062ea   0x000000bc   Code   RO         4834    i.SPI_CloseTransfer  stm32h7xx_hal_spi.o
    0x080063a6   0x080063a6   0x00000002   PAD
    0x080063a8   0x080063a8   0x00000046   Code   RO         4851    i.SPI_WaitOnFlagUntilTimeout  stm32h7xx_hal_spi.o
    0x080063ee   0x080063ee   0x00000008   Code   RO          356    i.StartDefaultTask  freertos.o
    0x080063f6   0x080063f6   0x00000002   PAD
    0x080063f8   0x080063f8   0x00000010   Code   RO         7371    i.Start_buzzer      buzzer.o
    0x08006408   0x08006408   0x0000001a   Code   RO         6357    i.SysTick_Handler   cmsis_os2.o
    0x08006422   0x08006422   0x00000002   PAD
    0x08006424   0x08006424   0x00000098   Code   RO           16    i.SystemClock_Config  main.o
    0x080064bc   0x080064bc   0x000000d8   Code   RO         5134    i.SystemInit        system_stm32h7xx.o
    0x08006594   0x08006594   0x0000000c   Code   RO          620    i.TIM2_IRQHandler   stm32h7xx_it.o
    0x080065a0   0x080065a0   0x000000e0   Code   RO          847    i.TIM_Base_SetConfig  stm32h7xx_hal_tim.o
    0x08006680   0x08006680   0x0000001a   Code   RO          848    i.TIM_CCxChannelCmd  stm32h7xx_hal_tim.o
    0x0800669a   0x0800669a   0x00000002   PAD
    0x0800669c   0x0800669c   0x000000ac   Code   RO          860    i.TIM_OC1_SetConfig  stm32h7xx_hal_tim.o
    0x08006748   0x08006748   0x0000009c   Code   RO          861    i.TIM_OC2_SetConfig  stm32h7xx_hal_tim.o
    0x080067e4   0x080067e4   0x0000009c   Code   RO          862    i.TIM_OC3_SetConfig  stm32h7xx_hal_tim.o
    0x08006880   0x08006880   0x00000078   Code   RO          863    i.TIM_OC4_SetConfig  stm32h7xx_hal_tim.o
    0x080068f8   0x080068f8   0x00000074   Code   RO          864    i.TIM_OC5_SetConfig  stm32h7xx_hal_tim.o
    0x0800696c   0x0800696c   0x00000074   Code   RO          865    i.TIM_OC6_SetConfig  stm32h7xx_hal_tim.o
    0x080069e0   0x080069e0   0x00000002   Code   RO          621    i.UsageFault_Handler  stm32h7xx_it.o
    0x080069e2   0x080069e2   0x00000002   PAD
    0x080069e4   0x080069e4   0x00000054   Code   RO         7592    i.VMC_calc_1_left   vmc.o
    0x08006a38   0x08006a38   0x00000054   Code   RO         7593    i.VMC_calc_1_right  vmc.o
    0x08006a8c   0x08006a8c   0x0000001a   Code   RO         7594    i.VMC_calc_2        vmc.o
    0x08006aa6   0x08006aa6   0x00000002   PAD
    0x08006aa8   0x08006aa8   0x00000040   Code   RO         7595    i.VMC_init          vmc.o
    0x08006ae8   0x08006ae8   0x00000086   Code   RO         7756    i.YawInertia_Calc   yaw_gain_calc.o
    0x08006b6e   0x08006b6e   0x00000002   PAD
    0x08006b70   0x08006b70   0x0000009c   Code   RO         7757    i.YawModel_Para_Update  yaw_gain_calc.o
    0x08006c0c   0x08006c0c   0x0000006c   Code   RO         7758    i.YawPositionGain_Calc  yaw_gain_calc.o
    0x08006c78   0x08006c78   0x00000030   Code   RO        15019    i.__ARM_fpclassify  m_wv.l(fpclassify.o)
    0x08006ca8   0x08006ca8   0x00000026   Code   RO        15021    i.__ARM_fpclassifyf  m_wv.l(fpclassifyf.o)
    0x08006cce   0x08006cce   0x00000022   Code   RO         1792    i.__NVIC_SetPriority  stm32h7xx_hal_cortex.o
    0x08006cf0   0x08006cf0   0x00000138   Code   RO        14751    i.__hardfp_asinf    m_wv.l(asinf.o)
    0x08006e28   0x08006e28   0x00000200   Code   RO        14982    i.__hardfp_atan     m_wv.l(atan.o)
    0x08007028   0x08007028   0x000001c8   Code   RO        14763    i.__hardfp_atan2    m_wv.l(atan2.o)
    0x080071f0   0x080071f0   0x000002b4   Code   RO        14775    i.__hardfp_atan2f   m_wv.l(atan2f.o)
    0x080074a4   0x080074a4   0x00000004   PAD
    0x080074a8   0x080074a8   0x000008f8   Code   RO        14867    i.__hardfp_pow      m_wv.l(pow.o)
    0x08007da0   0x08007da0   0x00000066   Code   RO        14895    i.__hardfp_sqrt     m_wv.l(sqrt.o)
    0x08007e06   0x08007e06   0x0000003a   Code   RO        14907    i.__hardfp_sqrtf    m_wv.l(sqrtf.o)
    0x08007e40   0x08007e40   0x00000070   Code   RO        15037    i.__kernel_poly     m_wv.l(poly.o)
    0x08007eb0   0x08007eb0   0x00000020   Code   RO        14999    i.__mathlib_dbl_divzero  m_wv.l(dunder.o)
    0x08007ed0   0x08007ed0   0x00000006   Code   RO        15000    i.__mathlib_dbl_infnan  m_wv.l(dunder.o)
    0x08007ed6   0x08007ed6   0x00000006   Code   RO        15001    i.__mathlib_dbl_infnan2  m_wv.l(dunder.o)
    0x08007edc   0x08007edc   0x00000004   PAD
    0x08007ee0   0x08007ee0   0x00000018   Code   RO        15002    i.__mathlib_dbl_invalid  m_wv.l(dunder.o)
    0x08007ef8   0x08007ef8   0x00000018   Code   RO        15003    i.__mathlib_dbl_overflow  m_wv.l(dunder.o)
    0x08007f10   0x08007f10   0x00000018   Code   RO        15005    i.__mathlib_dbl_underflow  m_wv.l(dunder.o)
    0x08007f28   0x08007f28   0x00000006   Code   RO        15024    i.__mathlib_flt_infnan  m_wv.l(funder.o)
    0x08007f2e   0x08007f2e   0x00000006   Code   RO        15025    i.__mathlib_flt_infnan2  m_wv.l(funder.o)
    0x08007f34   0x08007f34   0x00000010   Code   RO        15026    i.__mathlib_flt_invalid  m_wv.l(funder.o)
    0x08007f44   0x08007f44   0x00000010   Code   RO        15029    i.__mathlib_flt_underflow  m_wv.l(funder.o)
    0x08007f54   0x08007f54   0x0000000e   Code   RO        15090    i.__scatterload_copy  mc_w.l(handlers.o)
    0x08007f62   0x08007f62   0x00000002   Code   RO        15091    i.__scatterload_null  mc_w.l(handlers.o)
    0x08007f64   0x08007f64   0x0000000e   Code   RO        15092    i.__scatterload_zeroinit  mc_w.l(handlers.o)
    0x08007f72   0x08007f72   0x00000002   PAD
    0x08007f74   0x08007f74   0x0000000c   Code   RO        15076    i.__set_errno       mc_w.l(errno.o)
    0x08007f80   0x08007f80   0x00000010   Code   RO         8043    i.absf              chassisl_task.o
    0x08007f90   0x08007f90   0x00000084   Code   RO         9793    i.arm_cos_f32       fastmathfunctions.o
    0x08008014   0x08008014   0x0000002a   Code   RO        11186    i.arm_mat_add_f32   matrixfunctions.o
    0x0800803e   0x0800803e   0x00000008   Code   RO        11197    i.arm_mat_init_f32  matrixfunctions.o
    0x08008046   0x08008046   0x00000002   PAD
    0x08008048   0x08008048   0x000002bc   Code   RO        11201    i.arm_mat_inverse_f32  matrixfunctions.o
    0x08008304   0x08008304   0x00000074   Code   RO        11205    i.arm_mat_mult_f32  matrixfunctions.o
    0x08008378   0x08008378   0x0000002a   Code   RO        11222    i.arm_mat_sub_f32   matrixfunctions.o
    0x080083a2   0x080083a2   0x00000002   PAD
    0x080083a4   0x080083a4   0x00000034   Code   RO        11226    i.arm_mat_trans_f32  matrixfunctions.o
    0x080083d8   0x080083d8   0x00000080   Code   RO         9798    i.arm_sin_f32       fastmathfunctions.o
    0x08008458   0x08008458   0x00000010   Code   RO        14984    i.atan              m_wv.l(atan.o)
    0x08008468   0x08008468   0x00000128   Code   RO         7020    i.bmi088_accel_init  bmi088driver.o
    0x08008590   0x08008590   0x000000fc   Code   RO         7021    i.bmi088_gyro_init  bmi088driver.o
    0x0800868c   0x0800868c   0x00000074   Code   RO         7896    i.canx_send_data    can_bsp.o
    0x08008700   0x08008700   0x00000456   Code   RO         8044    i.chassisL_control_loop  chassisl_task.o
    0x08008b56   0x08008b56   0x00000002   PAD
    0x08008b58   0x08008b58   0x00000080   Code   RO         8045    i.chassisL_feedback_update  chassisl_task.o
    0x08008bd8   0x08008bd8   0x00000200   Code   RO         8116    i.chassisR_control_loop  chassisr_task.o
    0x08008dd8   0x08008dd8   0x00000030   Code   RO         8117    i.chassisR_feedback_update  chassisr_task.o
    0x08008e08   0x08008e08   0x00000092   Code   RO         7270    i.dm4310_fbdata     dm4310_drv.o
    0x08008e9a   0x08008e9a   0x00000002   PAD
    0x08008e9c   0x08008e9c   0x0000009c   Code   RO         7271    i.dm6215_fbdata     dm4310_drv.o
    0x08008f38   0x08008f38   0x00000034   Code   RO         7272    i.enable_motor_mode  dm4310_drv.o
    0x08008f6c   0x08008f6c   0x00000018   Code   RO        15015    i.fabs              m_wv.l(fabs.o)
    0x08008f84   0x08008f84   0x00000006   Code   RO         7022    i.fabsf             bmi088driver.o
    0x08008f8a   0x08008f8a   0x00000002   PAD
    0x08008f8c   0x08008f8c   0x00000028   Code   RO         7596    i.fall_detection    vmc.o
    0x08008fb4   0x08008fb4   0x00000260   Code   RO         7674    i.fivebar_kinematics_func  fivebar_kinematics_func.o
    0x08009214   0x08009214   0x00000020   Code   RO         7597    i.fivebar_theta_func  vmc.o
    0x08009234   0x08009234   0x00000698   Code   RO         7701    i.fivebar_velocity_func  fivebar_velocity_func.o
    0x080098cc   0x080098cc   0x0000061e   Code   RO         7728    i.fivebar_vmc_torque_func  fivebar_vmc_torque_func.o
    0x08009eea   0x08009eea   0x00000028   Code   RO         7273    i.float_to_uint     dm4310_drv.o
    0x08009f12   0x08009f12   0x00000002   PAD
    0x08009f14   0x08009f14   0x00000034   Code   RO         7598    i.ground_detectionL  vmc.o
    0x08009f48   0x08009f48   0x00000034   Code   RO         7599    i.ground_detectionR  vmc.o
    0x08009f7c   0x08009f7c   0x00000006   Code   RO         7274    i.joint_motor_init  dm4310_drv.o
    0x08009f82   0x08009f82   0x00000002   PAD
    0x08009f84   0x08009f84   0x00000030   Code   RO         7458    i.mahony_init       mahony_filter.o
    0x08009fb4   0x08009fb4   0x00000008   Code   RO         7459    i.mahony_input      mahony_filter.o
    0x08009fbc   0x08009fbc   0x00000036   Code   RO         7460    i.mahony_output     mahony_filter.o
    0x08009ff2   0x08009ff2   0x0000019a   Code   RO         7461    i.mahony_update     mahony_filter.o
    0x0800a18c   0x0800a18c   0x000000d0   Code   RO           17    i.main              main.o
    0x0800a25c   0x0800a25c   0x0000006c   Code   RO        14951    i.malloc            mc_w.l(malloc.o)
    0x0800a2c8   0x0800a2c8   0x000000c4   Code   RO         7275    i.mit_ctrl          dm4310_drv.o
    0x0800a38c   0x0800a38c   0x000000cc   Code   RO         7276    i.mit_ctrl2         dm4310_drv.o
    0x0800a458   0x0800a458   0x0000002a   Code   RO         8046    i.mySaturate        chassisl_task.o
    0x0800a482   0x0800a482   0x00000020   Code   RO         6359    i.osDelay           cmsis_os2.o
    0x0800a4a2   0x0800a4a2   0x00000018   Code   RO         6371    i.osKernelGetTickCount  cmsis_os2.o
    0x0800a4ba   0x0800a4ba   0x00000006   Code   RO         6372    i.osKernelGetTickFreq  cmsis_os2.o
    0x0800a4c0   0x0800a4c0   0x00000030   Code   RO         6373    i.osKernelInitialize  cmsis_os2.o
    0x0800a4f0   0x0800a4f0   0x0000002a   Code   RO         6374    i.osKernelLock      cmsis_os2.o
    0x0800a51a   0x0800a51a   0x00000002   PAD
    0x0800a51c   0x0800a51c   0x00000040   Code   RO         6376    i.osKernelStart     cmsis_os2.o
    0x0800a55c   0x0800a55c   0x0000003a   Code   RO         6377    i.osKernelUnlock    cmsis_os2.o
    0x0800a596   0x0800a596   0x00000092   Code   RO         6418    i.osThreadNew       cmsis_os2.o
    0x0800a628   0x0800a628   0x00000078   Code   RO         5797    i.prvAddCurrentTaskToDelayedList  tasks.o
    0x0800a6a0   0x0800a6a0   0x000000f0   Code   RO         5798    i.prvAddNewTaskToReadyList  tasks.o
    0x0800a790   0x0800a790   0x00000058   Code   RO         6168    i.prvCheckForValidListAndQueue  timers.o
    0x0800a7e8   0x0800a7e8   0x00000026   Code   RO         5370    i.prvCopyDataFromQueue  queue.o
    0x0800a80e   0x0800a80e   0x00000034   Code   RO         5799    i.prvDeleteTCB      tasks.o
    0x0800a842   0x0800a842   0x00000002   PAD
    0x0800a844   0x0800a844   0x00000048   Code   RO         6871    i.prvHeapInit       heap_4.o
    0x0800a88c   0x0800a88c   0x00000060   Code   RO         5800    i.prvIdleTask       tasks.o
    0x0800a8ec   0x0800a8ec   0x00000022   Code   RO         5373    i.prvInitialiseNewQueue  queue.o
    0x0800a90e   0x0800a90e   0x000000a6   Code   RO         5801    i.prvInitialiseNewTask  tasks.o
    0x0800a9b4   0x0800a9b4   0x0000004c   Code   RO         6872    i.prvInsertBlockIntoFreeList  heap_4.o
    0x0800aa00   0x0800aa00   0x0000003c   Code   RO         6170    i.prvInsertTimerInActiveList  timers.o
    0x0800aa3c   0x0800aa3c   0x0000001c   Code   RO         5374    i.prvIsQueueEmpty   queue.o
    0x0800aa58   0x0800aa58   0x00000040   Code   RO         6171    i.prvProcessExpiredTimer  timers.o
    0x0800aa98   0x0800aa98   0x000000f0   Code   RO         6172    i.prvProcessReceivedCommands  timers.o
    0x0800ab88   0x0800ab88   0x0000006c   Code   RO         6173    i.prvProcessTimerOrBlockTask  timers.o
    0x0800abf4   0x0800abf4   0x00000028   Code   RO         6174    i.prvReloadTimer    timers.o
    0x0800ac1c   0x0800ac1c   0x0000001c   Code   RO         5803    i.prvResetNextTaskUnblockTime  tasks.o
    0x0800ac38   0x0800ac38   0x00000048   Code   RO         6175    i.prvSampleTimeNow  timers.o
    0x0800ac80   0x0800ac80   0x00000028   Code   RO         6933    i.prvTaskExitError  port.o
    0x0800aca8   0x0800aca8   0x00000024   Code   RO         6176    i.prvTimerTask      timers.o
    0x0800accc   0x0800accc   0x0000006a   Code   RO         5375    i.prvUnlockQueue    queue.o
    0x0800ad36   0x0800ad36   0x00000002   PAD
    0x0800ad38   0x0800ad38   0x000000d0   Code   RO         6874    i.pvPortMalloc      heap_4.o
    0x0800ae08   0x0800ae08   0x00000030   Code   RO         6934    i.pxPortInitialiseStack  port.o
    0x0800ae38   0x0800ae38   0x00000048   Code   RO         7169    i.reset_settings    ps2_drv.o
    0x0800ae80   0x0800ae80   0x0000006a   Code   RO        14897    i.sqrt              m_wv.l(sqrt.o)
    0x0800aeea   0x0800aeea   0x0000003e   Code   RO        14909    i.sqrtf             m_wv.l(sqrtf.o)
    0x0800af28   0x0800af28   0x00000028   Code   RO         7279    i.uint_to_float     dm4310_drv.o
    0x0800af50   0x0800af50   0x00000026   Code   RO         5330    i.uxListRemove      list.o
    0x0800af76   0x0800af76   0x00000002   PAD
    0x0800af78   0x0800af78   0x00000018   Code   RO         6430    i.vApplicationGetIdleTaskMemory  cmsis_os2.o
    0x0800af90   0x0800af90   0x00000018   Code   RO         6431    i.vApplicationGetTimerTaskMemory  cmsis_os2.o
    0x0800afa8   0x0800afa8   0x00000016   Code   RO         5331    i.vListInitialise   list.o
    0x0800afbe   0x0800afbe   0x00000006   Code   RO         5332    i.vListInitialiseItem  list.o
    0x0800afc4   0x0800afc4   0x00000030   Code   RO         5333    i.vListInsert       list.o
    0x0800aff4   0x0800aff4   0x00000040   Code   RO         6936    i.vPortEnterCritical  port.o
    0x0800b034   0x0800b034   0x00000028   Code   RO         6937    i.vPortExitCritical  port.o
    0x0800b05c   0x0800b05c   0x00000064   Code   RO         6875    i.vPortFree         heap_4.o
    0x0800b0c0   0x0800b0c0   0x00000024   Code   RO         6938    i.vPortSetupTimerInterrupt  port.o
    0x0800b0e4   0x0800b0e4   0x00000054   Code   RO         6939    i.vPortValidateInterruptPriority  port.o
    0x0800b138   0x0800b138   0x00000050   Code   RO         5383    i.vQueueAddToRegistry  queue.o
    0x0800b188   0x0800b188   0x00000044   Code   RO         5387    i.vQueueWaitForMessageRestricted  queue.o
    0x0800b1cc   0x0800b1cc   0x0000004c   Code   RO         5816    i.vTaskDelay        tasks.o
    0x0800b218   0x0800b218   0x00000010   Code   RO         5821    i.vTaskInternalSetTimeOutState  tasks.o
    0x0800b228   0x0800b228   0x0000000c   Code   RO         5822    i.vTaskMissedYield  tasks.o
    0x0800b234   0x0800b234   0x00000030   Code   RO         5823    i.vTaskPlaceOnEventList  tasks.o
    0x0800b264   0x0800b264   0x00000050   Code   RO         5824    i.vTaskPlaceOnEventListRestricted  tasks.o
    0x0800b2b4   0x0800b2b4   0x00000084   Code   RO         5832    i.vTaskStartScheduler  tasks.o
    0x0800b338   0x0800b338   0x00000010   Code   RO         5834    i.vTaskSuspendAll   tasks.o
    0x0800b348   0x0800b348   0x00000064   Code   RO         5835    i.vTaskSwitchContext  tasks.o
    0x0800b3ac   0x0800b3ac   0x00000006   Code   RO         7280    i.wheel_motor_init  dm4310_drv.o
    0x0800b3b2   0x0800b3b2   0x00000002   PAD
    0x0800b3b4   0x0800b3b4   0x00000100   Code   RO         6940    i.xPortStartScheduler  port.o
    0x0800b4b4   0x0800b4b4   0x0000002c   Code   RO         6941    i.xPortSysTickHandler  port.o
    0x0800b4e0   0x0800b4e0   0x00000046   Code   RO         5393    i.xQueueGenericCreateStatic  queue.o
    0x0800b526   0x0800b526   0x00000002   PAD
    0x0800b528   0x0800b528   0x000000bc   Code   RO         5395    i.xQueueGenericReset  queue.o
    0x0800b5e4   0x0800b5e4   0x0000013c   Code   RO         5406    i.xQueueReceive     queue.o
    0x0800b720   0x0800b720   0x00000074   Code   RO         5837    i.xTaskCheckForTimeOut  tasks.o
    0x0800b794   0x0800b794   0x00000060   Code   RO         5838    i.xTaskCreate       tasks.o
    0x0800b7f4   0x0800b7f4   0x00000072   Code   RO         5839    i.xTaskCreateStatic  tasks.o
    0x0800b866   0x0800b866   0x00000002   PAD
    0x0800b868   0x0800b868   0x0000001c   Code   RO         5846    i.xTaskGetSchedulerState  tasks.o
    0x0800b884   0x0800b884   0x0000000c   Code   RO         5848    i.xTaskGetTickCount  tasks.o
    0x0800b890   0x0800b890   0x00000010   Code   RO         5849    i.xTaskGetTickCountFromISR  tasks.o
    0x0800b8a0   0x0800b8a0   0x00000130   Code   RO         5850    i.xTaskIncrementTick  tasks.o
    0x0800b9d0   0x0800b9d0   0x000000dc   Code   RO         5853    i.xTaskRemoveFromEventList  tasks.o
    0x0800baac   0x0800baac   0x00000140   Code   RO         5854    i.xTaskResumeAll    tasks.o
    0x0800bbec   0x0800bbec   0x00000060   Code   RO         6185    i.xTimerCreateTimerTask  timers.o
    0x0800bc4c   0x0800bc4c   0x00000068   Code   RO         7990    i.xvEstimateKF_Init  observe_task.o
    0x0800bcb4   0x0800bcb4   0x0000003c   Code   RO         7991    i.xvEstimateKF_Update  observe_task.o
    0x0800bcf0   0x0800bcf0   0x000000fc   Data   RO          357    .constdata          freertos.o
    0x0800bdec   0x0800bdec   0x0000005c   Data   RO         4285    .constdata          stm32h7xx_hal_fdcan.o
    0x0800be48   0x0800be48   0x00000010   Data   RO         5135    .constdata          system_stm32h7xx.o
    0x0800be58   0x0800be58   0x00000010   Data   RO         7994    .constdata          observe_task.o
    0x0800be68   0x0800be68   0x00000018   Data   RO         8048    .constdata          chassisl_task.o
    0x0800be80   0x0800be80   0x00000804   Data   RO         8964    .constdata          commontables.o
    0x0800c684   0x0800c684   0x00000004   PAD
    0x0800c688   0x0800c688   0x00000088   Data   RO        14870    .constdata          m_wv.l(pow.o)
    0x0800c710   0x0800c710   0x00000098   Data   RO        14985    .constdata          m_wv.l(atan.o)
    0x0800c7a8   0x0800c7a8   0x00000008   Data   RO        15039    .constdata          m_wv.l(qnan.o)
    0x0800c7b0   0x0800c7b0   0x00000060   Data   RO          358    .conststring        freertos.o
    0x0800c810   0x0800c810   0x00000020   Data   RO        15088    Region$$Table       anon$$obj.o


    Execution Region RW_IRAM1 (Exec base: 0x20000000, Load base: 0x0800c830, Size: 0x00000000, Max: 0x00020000, ABSOLUTE)

    **** No section assigned to this execution region ****


    Execution Region RW_IRAM2 (Exec base: 0x24000000, Load base: 0x0800c830, Size: 0x00005c30, Max: 0x00050000, ABSOLUTE, COMPRESSED[0x0000013c])

    Exec Addr    Load Addr    Size         Type   Attr      Idx    E Section Name        Object

    0x24000000   COMPRESSED   0x00000001   Data   RW           18    .data               main.o
    0x24000001   COMPRESSED   0x00000003   PAD
    0x24000004   COMPRESSED   0x0000001c   Data   RW          361    .data               freertos.o
    0x24000020   COMPRESSED   0x00000004   Data   RW          473    .data               fdcan.o
    0x24000024   COMPRESSED   0x0000000c   Data   RW         3293    .data               stm32h7xx_hal.o
    0x24000030   COMPRESSED   0x00000008   Data   RW         5136    .data               system_stm32h7xx.o
    0x24000038   COMPRESSED   0x00000040   Data   RW         5857    .data               tasks.o
    0x24000078   COMPRESSED   0x00000014   Data   RW         6196    .data               timers.o
    0x2400008c   COMPRESSED   0x00000004   Data   RW         6433    .data               cmsis_os2.o
    0x24000090   COMPRESSED   0x0000001c   Data   RW         6881    .data               heap_4.o
    0x240000ac   COMPRESSED   0x0000000c   Data   RW         6942    .data               port.o
    0x240000b8   COMPRESSED   0x00000048   Data   RW         7024    .data               bmi088driver.o
    0x24000100   COMPRESSED   0x00000004   Data   RW         7107    .data               bmi088middleware.o
    0x24000104   COMPRESSED   0x00000045   Data   RW         7171    .data               ps2_drv.o
    0x24000149   COMPRESSED   0x00000001   PAD
    0x2400014a   COMPRESSED   0x00000004   Data   RW         7517    .data               kalman_filter.o
    0x2400014e   COMPRESSED   0x00000002   PAD
    0x24000150   COMPRESSED   0x00000004   Data   RW         7600    .data               vmc.o
    0x24000154   COMPRESSED   0x00000004   PAD
    0x24000158   COMPRESSED   0x00000040   Data   RW         7819    .data               bsp_dwt.o
    0x24000198   COMPRESSED   0x00000010   Data   RW         7949    .data               ins_task.o
    0x240001a8   COMPRESSED   0x00000064   Data   RW         7995    .data               observe_task.o
    0x2400020c   COMPRESSED   0x000000d4   Data   RW         8049    .data               chassisl_task.o
    0x240002e0   COMPRESSED   0x0000000c   Data   RW         8119    .data               chassisr_task.o
    0x240002ec   COMPRESSED   0x0000001c   Data   RW         8165    .data               imu_temp_ctrl.o
    0x24000308   COMPRESSED   0x00000004   Data   RW        15072    .data               mc_w.l(mvars.o)
    0x2400030c   COMPRESSED   0x00000004   Data   RW        15073    .data               mc_w.l(mvars.o)
    0x24000310   COMPRESSED   0x00000004   Data   RW        15077    .data               mc_w.l(errno.o)
    0x24000314        -       0x00000140   Zero   RW          472    .bss                fdcan.o
    0x24000454        -       0x00000088   Zero   RW          520    .bss                spi.o
    0x240004dc        -       0x00000098   Zero   RW          564    .bss                tim.o
    0x24000574        -       0x0000004c   Zero   RW          716    .bss                stm32h7xx_hal_timebase_tim.o
    0x240005c0        -       0x00000040   Zero   RW         5410    .bss                queue.o
    0x24000600        -       0x000004c4   Zero   RW         5856    .bss                tasks.o
    0x24000ac4        -       0x00000118   Zero   RW         6195    .bss                timers.o
    0x24000bdc        -       0x000006b8   Zero   RW         6432    .bss                cmsis_os2.o
    0x24001294        -       0x00003c00   Zero   RW         6880    .bss                heap_4.o
    0x24004e94        -       0x0000004c   Zero   RW         7023    .bss                bmi088driver.o
    0x24004ee0        -       0x0000001a   Zero   RW         7170    .bss                ps2_drv.o
    0x24004efa   COMPRESSED   0x00000002   PAD
    0x24004efc        -       0x00000028   Zero   RW         7760    .bss                yaw_gain_calc.o
    0x24004f24        -       0x000000d0   Zero   RW         7897    .bss                can_bsp.o
    0x24004ff4        -       0x00000104   Zero   RW         7947    .bss                ins_task.o
    0x240050f8        -       0x00000140   Zero   RW         7992    .bss                observe_task.o
    0x24005238        -       0x0000031c   Zero   RW         8047    .bss                chassisl_task.o
    0x24005554        -       0x000000d8   Zero   RW         8118    .bss                chassisr_task.o
    0x2400562c   COMPRESSED   0x00000004   PAD
    0x24005630        -       0x00000200   Zero   RW            2    HEAP                startup_stm32h723xx.o
    0x24005830        -       0x00000400   Zero   RW            1    STACK               startup_stm32h723xx.o


==============================================================================

Image component sizes


      Code (inc. data)   RO Data    RW Data    ZI Data      Debug   Object Name

      2556        138          0         72         76      14802   bmi088driver.o
       100         30          0          4          0       3356   bmi088middleware.o
       480         76          0         64          0       5349   bsp_dwt.o
        52         16          0          0          0       1422   buzzer.o
       524         46          0          0        208       4684   can_bsp.o
      1986        136         24        212        796       8699   chassisl_task.o
      1104         88          0         12        216       5279   chassisr_task.o
       532         24          0          4       1720      73824   cmsis_os2.o
         0          0       2052          0          0      13601   commontables.o
       846         34          0          0          0       7741   dm4310_drv.o
         0          0          0          0          0      24292   event_groups.o
       180         14          0          0          0       1451   fai0_diff_pd.o
       260         28          0          0          0       1724   fastmathfunctions.o
       444         44          0          4        320       2692   fdcan.o
       608         40          0          0          0       1454   fivebar_kinematics_func.o
      1688         56          0          0          0       2764   fivebar_velocity_func.o
      1566         66          0          0          0       2850   fivebar_vmc_torque_func.o
       252         44        348         28          0      14162   freertos.o
       296         16          0          0          0       1191   gpio.o
       456         22          0         28      15360       5671   heap_4.o
       224         36          0         28          0       1900   imu_temp_ctrl.o
       516         56          0         16        260       3057   ins_task.o
      2236         20          0          4          0       9847   kalman_filter.o
       114          0          0          0          0       3157   list.o
       694         16          0          0          0       3725   mahony_filter.o
       446         20          0          1          0    1241932   main.o
       960         10          0          0          0      11384   matrixfunctions.o
         0          0          0          0          0       2644   mpu_wrappers_v2.o
       480         46         16        100        320       3651   observe_task.o
        92          4          0          0          0       1227   pid.o
       802         84          0         12          0      11857   port.o
      1860        236          0         69         26      15806   ps2_drv.o
       928         18          0          0         64      14385   queue.o
       280         26          0          0        136       1953   spi.o
        44         12        716          0       1536        840   startup_stm32h723xx.o
       172         36          0         12          0      23682   stm32h7xx_hal.o
       316         28          0          0          0      40204   stm32h7xx_hal_cortex.o
      2870         50         92          0          0      22156   stm32h7xx_hal_fdcan.o
       568         46          0          0          0       2995   stm32h7xx_hal_gpio.o
        36          4          0          0          0        946   stm32h7xx_hal_msp.o
        84          6          0          0          0        789   stm32h7xx_hal_pwr_ex.o
      2430        100          0          0          0       7274   stm32h7xx_hal_rcc.o
      2938         46          0          0          0       5243   stm32h7xx_hal_rcc_ex.o
      1478         26          0          0          0       5825   stm32h7xx_hal_spi.o
      2364        286          0          0          0      15175   stm32h7xx_hal_tim.o
       190         38          0          0          0       3268   stm32h7xx_hal_tim_ex.o
       140         18          0          0         76       1603   stm32h7xx_hal_timebase_tim.o
        48         18          0          0          0       4191   stm32h7xx_it.o
         0          0          0          0          0        440   stream_buffer.o
       244         38         16          8          0       2017   system_stm32h7xx.o
      2408        166          0         64       1220      30447   tasks.o
       412         48          0          0        152       3218   tim.o
       804         82          0         20        280      33630   timers.o
       434         58          0          4          0       5783   vmc.o
       454         54          0          0         40       4396   yaw_gain_calc.o

    ----------------------------------------------------------------------
     42070       2650       3300        776      22812    1737655   Object Totals
         0          0         32          0          0          0   (incl. Generated)
        74          0          4         10          6          0   (incl. Padding)

    ----------------------------------------------------------------------

      Code (inc. data)   RO Data    RW Data    ZI Data      Debug   Library Member Name

       312         54          0          0          0        176   asinf.o
       528        110        152          0          0        348   atan.o
       456         64          0          0          0        188   atan2.o
       692         98          0          0          0        208   atan2f.o
       116         60          0          0          0        696   dunder.o
        24          0          0          0          0        124   fabs.o
        48          0          0          0          0        124   fpclassify.o
        38          0          0          0          0        116   fpclassifyf.o
        44         12          0          0          0        464   funder.o
       112          0          0          0          0        116   poly.o
      2296        304        136          0          0        320   pow.o
         0          0          8          0          0          0   qnan.o
       208          0          0          0          0        280   sqrt.o
       120          0          0          0          0        272   sqrtf.o
        86          0          0          0          0          0   __dczerorl2.o
         0          0          0          0          0          0   entry.o
         0          0          0          0          0          0   entry10a.o
         0          0          0          0          0          0   entry11a.o
         4          0          0          0          0          0   entry12b.o
         8          4          0          0          0          0   entry2.o
         4          0          0          0          0          0   entry5.o
         0          0          0          0          0          0   entry7b.o
         0          0          0          0          0          0   entry8b.o
         8          4          0          0          0          0   entry9a.o
        12          6          0          4          0         68   errno.o
        30          0          0          0          0          0   handlers.o
        36          8          0          0          0         68   init.o
         0          0          0          0          0          0   iusefp.o
        30          0          0          0          0         68   llshl.o
        32          0          0          0          0         68   llushr.o
       108         16          0          0          0         84   malloc.o
        36          0          0          0          0         68   memcpya.o
        36          0          0          0          0        108   memseta.o
         0          0          0          8          0          0   mvars.o
        98          0          0          0          0         92   uldiv.o
        46          0          0          0          0         80   dscalb.o

    ----------------------------------------------------------------------
      5582        744        296         12          0       4136   Library Totals
        14          4          0          0          0          0   (incl. Padding)

    ----------------------------------------------------------------------

      Code (inc. data)   RO Data    RW Data    ZI Data      Debug   Library Name

      4994        702        296          0          0       3432   m_wv.l
       528         38          0         12          0        624   mc_w.l
        46          0          0          0          0         80   mf_w.l

    ----------------------------------------------------------------------
      5582        744        296         12          0       4136   Library Totals

    ----------------------------------------------------------------------

==============================================================================


      Code (inc. data)   RO Data    RW Data    ZI Data      Debug   

     47652       3394       3596        788      22812    1711815   Grand Totals
     47652       3394       3596        316      22812    1711815   ELF Image Totals (compressed)
     47652       3394       3596        316          0          0   ROM Totals

==============================================================================

    Total RO  Size (Code + RO Data)                51248 (  50.05kB)
    Total RW  Size (RW Data + ZI Data)             23600 (  23.05kB)
    Total ROM Size (Code + RO Data + RW Data)      51564 (  50.36kB)

==============================================================================

